TimeQuest Timing Analyzer report for Lab1
Tue Mar 10 15:54:42 2026
Quartus II 64-Bit Version 13.0.1 Build 232 06/12/2013 Service Pack 1 SJ Web Edition


---------------------
; Table of Contents ;
---------------------
  1. Legal Notice
  2. TimeQuest Timing Analyzer Summary
  3. Parallel Compilation
  4. Clocks
  5. Slow Model Fmax Summary
  6. Slow Model Setup Summary
  7. Slow Model Hold Summary
  8. Slow Model Recovery Summary
  9. Slow Model Removal Summary
 10. Slow Model Minimum Pulse Width Summary
 11. Propagation Delay
 12. Minimum Propagation Delay
 13. Fast Model Setup Summary
 14. Fast Model Hold Summary
 15. Fast Model Recovery Summary
 16. Fast Model Removal Summary
 17. Fast Model Minimum Pulse Width Summary
 18. Propagation Delay
 19. Minimum Propagation Delay
 20. Multicorner Timing Analysis Summary
 21. Progagation Delay
 22. Minimum Progagation Delay
 23. Clock Transfers
 24. Report TCCS
 25. Report RSKM
 26. Unconstrained Paths
 27. TimeQuest Timing Analyzer Messages



----------------
; Legal Notice ;
----------------
Copyright (C) 1991-2013 Altera Corporation
Your use of Altera Corporation's design tools, logic functions 
and other software and tools, and its AMPP partner logic 
functions, and any output files from any of the foregoing 
(including device programming or simulation files), and any 
associated documentation or information are expressly subject 
to the terms and conditions of the Altera Program License 
Subscription Agreement, Altera MegaCore Function License 
Agreement, or other applicable license agreement, including, 
without limitation, that your use is for the sole purpose of 
programming logic devices manufactured by Altera and sold by 
Altera or its authorized distributors.  Please refer to the 
applicable agreement for further details.



+----------------------------------------------------------------------------------------+
; TimeQuest Timing Analyzer Summary                                                      ;
+--------------------+-------------------------------------------------------------------+
; Quartus II Version ; Version 13.0.1 Build 232 06/12/2013 Service Pack 1 SJ Web Edition ;
; Revision Name      ; Lab1                                                              ;
; Device Family      ; Cyclone II                                                        ;
; Device Name        ; EP2C35F672C6                                                      ;
; Timing Models      ; Final                                                             ;
; Delay Model        ; Combined                                                          ;
; Rise/Fall Delays   ; Unavailable                                                       ;
+--------------------+-------------------------------------------------------------------+


Parallel compilation was disabled, but you have multiple processors available. Enable parallel compilation to reduce compilation time.
+-------------------------------------+
; Parallel Compilation                ;
+----------------------------+--------+
; Processors                 ; Number ;
+----------------------------+--------+
; Number detected on machine ; 8      ;
; Maximum allowed            ; 1      ;
+----------------------------+--------+


----------
; Clocks ;
----------
No clocks to report.


---------------------------
; Slow Model Fmax Summary ;
---------------------------
No paths to report.


----------------------------
; Slow Model Setup Summary ;
----------------------------
No paths to report.


---------------------------
; Slow Model Hold Summary ;
---------------------------
No paths to report.


-------------------------------
; Slow Model Recovery Summary ;
-------------------------------
No paths to report.


------------------------------
; Slow Model Removal Summary ;
------------------------------
No paths to report.


------------------------------------------
; Slow Model Minimum Pulse Width Summary ;
------------------------------------------
No paths to report.


+--------------------------------------------------------------+
; Propagation Delay                                            ;
+------------+-------------+--------+--------+--------+--------+
; Input Port ; Output Port ; RR     ; RF     ; FR     ; FF     ;
+------------+-------------+--------+--------+--------+--------+
; SW[15]     ; H0[0]       ; 11.590 ; 11.590 ; 11.590 ; 11.590 ;
; SW[15]     ; H0[1]       ; 11.549 ;        ;        ; 11.549 ;
; SW[15]     ; H0[2]       ; 11.559 ;        ;        ; 11.559 ;
; SW[15]     ; H0[3]       ; 11.613 ; 11.613 ; 11.613 ; 11.613 ;
; SW[15]     ; H0[4]       ; 11.466 ;        ;        ; 11.466 ;
; SW[15]     ; H0[5]       ; 11.456 ;        ;        ; 11.456 ;
; SW[15]     ; H1[0]       ; 13.964 ; 13.964 ; 13.964 ; 13.964 ;
; SW[15]     ; H1[1]       ;        ; 13.941 ; 13.941 ;        ;
; SW[15]     ; H1[2]       ;        ; 14.056 ; 14.056 ;        ;
; SW[15]     ; H1[4]       ;        ; 12.649 ; 12.649 ;        ;
; SW[15]     ; H1[5]       ;        ; 13.074 ; 13.074 ;        ;
; SW[15]     ; H1[6]       ; 12.474 ; 12.474 ; 12.474 ; 12.474 ;
; SW[15]     ; H2[0]       ; 11.820 ; 11.820 ; 11.820 ; 11.820 ;
; SW[15]     ; H2[1]       ; 13.553 ;        ;        ; 13.553 ;
; SW[15]     ; H2[2]       ; 13.593 ;        ;        ; 13.593 ;
; SW[15]     ; H2[3]       ; 11.899 ; 11.899 ; 11.899 ; 11.899 ;
; SW[15]     ; H2[4]       ; 11.904 ;        ;        ; 11.904 ;
; SW[15]     ; H2[5]       ; 11.904 ;        ;        ; 11.904 ;
; SW[15]     ; H3[0]       ; 13.619 ; 13.619 ; 13.619 ; 13.619 ;
; SW[15]     ; H3[1]       ;        ; 12.081 ; 12.081 ;        ;
; SW[15]     ; H3[2]       ;        ; 12.081 ; 12.081 ;        ;
; SW[15]     ; H3[4]       ;        ; 11.482 ; 11.482 ;        ;
; SW[15]     ; H3[5]       ;        ; 11.919 ; 11.919 ;        ;
; SW[15]     ; H3[6]       ; 11.426 ; 11.426 ; 11.426 ; 11.426 ;
; SW[15]     ; H4[0]       ; 9.466  ; 9.466  ; 9.466  ; 9.466  ;
; SW[15]     ; H4[1]       ; 9.803  ;        ;        ; 9.803  ;
; SW[15]     ; H4[2]       ; 9.803  ;        ;        ; 9.803  ;
; SW[15]     ; H4[3]       ; 9.163  ; 9.163  ; 9.163  ; 9.163  ;
; SW[15]     ; H4[4]       ; 9.192  ;        ;        ; 9.192  ;
; SW[15]     ; H4[5]       ; 9.192  ;        ;        ; 9.192  ;
; SW[15]     ; H5[0]       ; 9.805  ; 9.805  ; 9.805  ; 9.805  ;
; SW[15]     ; H5[1]       ;        ; 9.927  ; 9.927  ;        ;
; SW[15]     ; H5[2]       ;        ; 9.927  ; 9.927  ;        ;
; SW[15]     ; H5[4]       ;        ; 9.478  ; 9.478  ;        ;
; SW[15]     ; H5[5]       ;        ; 9.478  ; 9.478  ;        ;
; SW[15]     ; H5[6]       ; 9.510  ; 9.510  ; 9.510  ; 9.510  ;
; SW[15]     ; H6[0]       ; 10.093 ; 10.093 ; 10.093 ; 10.093 ;
; SW[15]     ; H6[1]       ; 10.147 ;        ;        ; 10.147 ;
; SW[15]     ; H6[2]       ; 10.147 ;        ;        ; 10.147 ;
; SW[15]     ; H6[3]       ; 10.200 ; 10.200 ; 10.200 ; 10.200 ;
; SW[15]     ; H6[4]       ; 10.179 ;        ;        ; 10.179 ;
; SW[15]     ; H6[5]       ; 10.159 ;        ;        ; 10.159 ;
; SW[15]     ; H7[0]       ; 10.054 ; 10.054 ; 10.054 ; 10.054 ;
; SW[15]     ; H7[1]       ;        ; 10.629 ; 10.629 ;        ;
; SW[15]     ; H7[2]       ;        ; 10.599 ; 10.599 ;        ;
; SW[15]     ; H7[4]       ;        ; 10.566 ; 10.566 ;        ;
; SW[15]     ; H7[5]       ;        ; 10.618 ; 10.618 ;        ;
; SW[15]     ; H7[6]       ; 10.045 ; 10.045 ; 10.045 ; 10.045 ;
; SW[16]     ; H0[0]       ; 11.787 ;        ;        ; 11.787 ;
; SW[16]     ; H0[1]       ; 11.524 ;        ;        ; 11.524 ;
; SW[16]     ; H0[2]       ; 11.534 ;        ;        ; 11.534 ;
; SW[16]     ; H0[3]       ; 11.861 ; 11.861 ; 11.861 ; 11.861 ;
; SW[16]     ; H0[4]       ; 11.645 ;        ;        ; 11.645 ;
; SW[16]     ; H0[5]       ; 11.635 ;        ;        ; 11.635 ;
; SW[16]     ; H0[6]       ; 10.459 ;        ;        ; 10.459 ;
; SW[16]     ; H1[0]       ; 14.225 ; 14.225 ; 14.225 ; 14.225 ;
; SW[16]     ; H1[1]       ; 13.929 ;        ;        ; 13.929 ;
; SW[16]     ; H1[2]       ; 14.044 ;        ;        ; 14.044 ;
; SW[16]     ; H1[3]       ; 10.963 ; 10.963 ; 10.963 ; 10.963 ;
; SW[16]     ; H1[4]       ; 12.906 ; 12.906 ; 12.906 ; 12.906 ;
; SW[16]     ; H1[5]       ; 13.331 ; 13.331 ; 13.331 ; 13.331 ;
; SW[16]     ; H1[6]       ; 12.732 ; 12.732 ; 12.732 ; 12.732 ;
; SW[16]     ; H2[0]       ;        ; 12.007 ; 12.007 ;        ;
; SW[16]     ; H2[1]       ;        ; 13.536 ; 13.536 ;        ;
; SW[16]     ; H2[2]       ;        ; 13.576 ; 13.576 ;        ;
; SW[16]     ; H2[3]       ; 12.094 ; 12.094 ; 12.094 ; 12.094 ;
; SW[16]     ; H2[4]       ; 12.100 ; 12.100 ; 12.100 ; 12.100 ;
; SW[16]     ; H2[5]       ; 12.100 ; 12.100 ; 12.100 ; 12.100 ;
; SW[16]     ; H2[6]       ;        ; 11.692 ; 11.692 ;        ;
; SW[16]     ; H3[0]       ; 13.820 ; 13.820 ; 13.820 ; 13.820 ;
; SW[16]     ; H3[1]       ;        ; 12.070 ; 12.070 ;        ;
; SW[16]     ; H3[2]       ;        ; 12.070 ; 12.070 ;        ;
; SW[16]     ; H3[4]       ;        ; 11.647 ; 11.647 ;        ;
; SW[16]     ; H3[5]       ;        ; 12.084 ; 12.084 ;        ;
; SW[16]     ; H3[6]       ; 11.685 ; 11.685 ; 11.685 ; 11.685 ;
; SW[16]     ; H4[0]       ; 9.667  ;        ;        ; 9.667  ;
; SW[16]     ; H4[1]       ; 9.778  ;        ;        ; 9.778  ;
; SW[16]     ; H4[2]       ; 9.778  ;        ;        ; 9.778  ;
; SW[16]     ; H4[3]       ; 9.319  ; 9.319  ; 9.319  ; 9.319  ;
; SW[16]     ; H4[4]       ; 9.365  ;        ;        ; 9.365  ;
; SW[16]     ; H4[5]       ; 9.365  ;        ;        ; 9.365  ;
; SW[16]     ; H4[6]       ; 10.056 ;        ;        ; 10.056 ;
; SW[16]     ; H5[0]       ; 10.064 ; 10.064 ; 10.064 ; 10.064 ;
; SW[16]     ; H5[1]       ; 9.915  ;        ;        ; 9.915  ;
; SW[16]     ; H5[2]       ; 9.915  ;        ;        ; 9.915  ;
; SW[16]     ; H5[3]       ; 10.329 ; 10.329 ; 10.329 ; 10.329 ;
; SW[16]     ; H5[4]       ; 9.647  ; 9.647  ; 9.647  ; 9.647  ;
; SW[16]     ; H5[5]       ; 9.647  ; 9.647  ; 9.647  ; 9.647  ;
; SW[16]     ; H5[6]       ; 9.706  ; 9.706  ; 9.706  ; 9.706  ;
; SW[16]     ; H6[0]       ;        ; 10.356 ; 10.356 ;        ;
; SW[16]     ; H6[1]       ;        ; 10.130 ; 10.130 ;        ;
; SW[16]     ; H6[2]       ;        ; 10.130 ; 10.130 ;        ;
; SW[16]     ; H6[3]       ; 10.396 ; 10.396 ; 10.396 ; 10.396 ;
; SW[16]     ; H6[4]       ; 10.348 ; 10.348 ; 10.348 ; 10.348 ;
; SW[16]     ; H6[5]       ; 10.328 ; 10.328 ; 10.328 ; 10.328 ;
; SW[16]     ; H6[6]       ;        ; 10.587 ; 10.587 ;        ;
; SW[16]     ; H7[0]       ; 10.250 ; 10.250 ; 10.250 ; 10.250 ;
; SW[16]     ; H7[1]       ;        ; 10.618 ; 10.618 ;        ;
; SW[16]     ; H7[2]       ;        ; 10.588 ; 10.588 ;        ;
; SW[16]     ; H7[4]       ;        ; 10.823 ; 10.823 ;        ;
; SW[16]     ; H7[5]       ;        ; 10.875 ; 10.875 ;        ;
; SW[16]     ; H7[6]       ; 10.237 ; 10.237 ; 10.237 ; 10.237 ;
; SW[17]     ; H0[0]       ; 11.453 ; 11.453 ; 11.453 ; 11.453 ;
; SW[17]     ; H0[3]       ; 11.551 ; 11.551 ; 11.551 ; 11.551 ;
; SW[17]     ; H0[4]       ;        ; 11.335 ; 11.335 ;        ;
; SW[17]     ; H0[5]       ;        ; 11.325 ; 11.325 ;        ;
; SW[17]     ; H0[6]       ;        ; 10.925 ; 10.925 ;        ;
; SW[17]     ; H1[0]       ; 13.903 ; 13.903 ; 13.903 ; 13.903 ;
; SW[17]     ; H1[3]       ; 11.432 ; 11.432 ; 11.432 ; 11.432 ;
; SW[17]     ; H1[4]       ; 12.569 ; 12.569 ; 12.569 ; 12.569 ;
; SW[17]     ; H1[5]       ; 12.994 ; 12.994 ; 12.994 ; 12.994 ;
; SW[17]     ; H1[6]       ;        ; 12.397 ; 12.397 ;        ;
; SW[17]     ; H2[0]       ; 11.689 ; 11.689 ; 11.689 ; 11.689 ;
; SW[17]     ; H2[3]       ; 11.765 ; 11.765 ; 11.765 ; 11.765 ;
; SW[17]     ; H2[4]       ; 11.766 ; 11.766 ; 11.766 ; 11.766 ;
; SW[17]     ; H2[5]       ; 11.766 ; 11.766 ; 11.766 ; 11.766 ;
; SW[17]     ; H2[6]       ;        ; 11.362 ; 11.362 ;        ;
; SW[17]     ; H3[0]       ; 13.485 ;        ;        ; 13.485 ;
; SW[17]     ; H3[3]       ; 9.665  ;        ;        ; 9.665  ;
; SW[17]     ; H3[4]       ; 11.344 ;        ;        ; 11.344 ;
; SW[17]     ; H3[5]       ; 11.781 ;        ;        ; 11.781 ;
; SW[17]     ; H3[6]       ; 11.364 ; 11.364 ; 11.364 ; 11.364 ;
; SW[17]     ; H4[0]       ; 9.333  ; 9.333  ; 9.333  ; 9.333  ;
; SW[17]     ; H4[3]       ; 9.036  ; 9.036  ; 9.036  ; 9.036  ;
; SW[17]     ; H4[4]       ; 9.060  ;        ;        ; 9.060  ;
; SW[17]     ; H4[5]       ; 9.060  ;        ;        ; 9.060  ;
; SW[17]     ; H4[6]       ; 9.744  ;        ;        ; 9.744  ;
; SW[17]     ; H5[0]       ; 9.725  ; 9.725  ; 9.725  ; 9.725  ;
; SW[17]     ; H5[3]       ; 10.040 ; 10.040 ; 10.040 ; 10.040 ;
; SW[17]     ; H5[4]       ; 9.341  ; 9.341  ; 9.341  ; 9.341  ;
; SW[17]     ; H5[5]       ; 9.341  ; 9.341  ; 9.341  ; 9.341  ;
; SW[17]     ; H5[6]       ; 9.377  ;        ;        ; 9.377  ;
; SW[17]     ; H6[0]       ; 10.014 ; 10.014 ; 10.014 ; 10.014 ;
; SW[17]     ; H6[3]       ; 10.069 ; 10.069 ; 10.069 ; 10.069 ;
; SW[17]     ; H6[4]       ; 10.047 ; 10.047 ; 10.047 ; 10.047 ;
; SW[17]     ; H6[5]       ; 10.027 ; 10.027 ; 10.027 ; 10.027 ;
; SW[17]     ; H6[6]       ; 10.246 ;        ;        ; 10.246 ;
; SW[17]     ; H7[0]       ;        ; 9.919  ; 9.919  ;        ;
; SW[17]     ; H7[3]       ;        ; 8.869  ; 8.869  ;        ;
; SW[17]     ; H7[4]       ;        ; 10.508 ; 10.508 ;        ;
; SW[17]     ; H7[5]       ;        ; 10.560 ; 10.560 ;        ;
; SW[17]     ; H7[6]       ; 9.917  ; 9.917  ; 9.917  ; 9.917  ;
+------------+-------------+--------+--------+--------+--------+


+--------------------------------------------------------------+
; Minimum Propagation Delay                                    ;
+------------+-------------+--------+--------+--------+--------+
; Input Port ; Output Port ; RR     ; RF     ; FR     ; FF     ;
+------------+-------------+--------+--------+--------+--------+
; SW[15]     ; H0[0]       ; 11.590 ; 11.590 ; 11.590 ; 11.590 ;
; SW[15]     ; H0[1]       ; 11.549 ;        ;        ; 11.549 ;
; SW[15]     ; H0[2]       ; 11.559 ;        ;        ; 11.559 ;
; SW[15]     ; H0[3]       ; 11.613 ; 11.613 ; 11.613 ; 11.613 ;
; SW[15]     ; H0[4]       ; 11.466 ;        ;        ; 11.466 ;
; SW[15]     ; H0[5]       ; 11.456 ;        ;        ; 11.456 ;
; SW[15]     ; H1[0]       ; 13.964 ; 13.964 ; 13.964 ; 13.964 ;
; SW[15]     ; H1[1]       ;        ; 13.941 ; 13.941 ;        ;
; SW[15]     ; H1[2]       ;        ; 14.056 ; 14.056 ;        ;
; SW[15]     ; H1[4]       ;        ; 12.649 ; 12.649 ;        ;
; SW[15]     ; H1[5]       ;        ; 13.074 ; 13.074 ;        ;
; SW[15]     ; H1[6]       ; 12.474 ; 12.474 ; 12.474 ; 12.474 ;
; SW[15]     ; H2[0]       ; 11.820 ; 11.820 ; 11.820 ; 11.820 ;
; SW[15]     ; H2[1]       ; 13.553 ;        ;        ; 13.553 ;
; SW[15]     ; H2[2]       ; 13.593 ;        ;        ; 13.593 ;
; SW[15]     ; H2[3]       ; 11.899 ; 11.899 ; 11.899 ; 11.899 ;
; SW[15]     ; H2[4]       ; 11.904 ;        ;        ; 11.904 ;
; SW[15]     ; H2[5]       ; 11.904 ;        ;        ; 11.904 ;
; SW[15]     ; H3[0]       ; 13.619 ; 13.619 ; 13.619 ; 13.619 ;
; SW[15]     ; H3[1]       ;        ; 12.081 ; 12.081 ;        ;
; SW[15]     ; H3[2]       ;        ; 12.081 ; 12.081 ;        ;
; SW[15]     ; H3[4]       ;        ; 11.482 ; 11.482 ;        ;
; SW[15]     ; H3[5]       ;        ; 11.919 ; 11.919 ;        ;
; SW[15]     ; H3[6]       ; 11.426 ; 11.426 ; 11.426 ; 11.426 ;
; SW[15]     ; H4[0]       ; 9.466  ; 9.466  ; 9.466  ; 9.466  ;
; SW[15]     ; H4[1]       ; 9.803  ;        ;        ; 9.803  ;
; SW[15]     ; H4[2]       ; 9.803  ;        ;        ; 9.803  ;
; SW[15]     ; H4[3]       ; 9.163  ; 9.163  ; 9.163  ; 9.163  ;
; SW[15]     ; H4[4]       ; 9.192  ;        ;        ; 9.192  ;
; SW[15]     ; H4[5]       ; 9.192  ;        ;        ; 9.192  ;
; SW[15]     ; H5[0]       ; 9.805  ; 9.805  ; 9.805  ; 9.805  ;
; SW[15]     ; H5[1]       ;        ; 9.927  ; 9.927  ;        ;
; SW[15]     ; H5[2]       ;        ; 9.927  ; 9.927  ;        ;
; SW[15]     ; H5[4]       ;        ; 9.478  ; 9.478  ;        ;
; SW[15]     ; H5[5]       ;        ; 9.478  ; 9.478  ;        ;
; SW[15]     ; H5[6]       ; 9.510  ; 9.510  ; 9.510  ; 9.510  ;
; SW[15]     ; H6[0]       ; 10.093 ; 10.093 ; 10.093 ; 10.093 ;
; SW[15]     ; H6[1]       ; 10.147 ;        ;        ; 10.147 ;
; SW[15]     ; H6[2]       ; 10.147 ;        ;        ; 10.147 ;
; SW[15]     ; H6[3]       ; 10.200 ; 10.200 ; 10.200 ; 10.200 ;
; SW[15]     ; H6[4]       ; 10.179 ;        ;        ; 10.179 ;
; SW[15]     ; H6[5]       ; 10.159 ;        ;        ; 10.159 ;
; SW[15]     ; H7[0]       ; 10.054 ; 10.054 ; 10.054 ; 10.054 ;
; SW[15]     ; H7[1]       ;        ; 10.629 ; 10.629 ;        ;
; SW[15]     ; H7[2]       ;        ; 10.599 ; 10.599 ;        ;
; SW[15]     ; H7[4]       ;        ; 10.566 ; 10.566 ;        ;
; SW[15]     ; H7[5]       ;        ; 10.618 ; 10.618 ;        ;
; SW[15]     ; H7[6]       ; 10.045 ; 10.045 ; 10.045 ; 10.045 ;
; SW[16]     ; H0[0]       ; 11.787 ;        ;        ; 11.787 ;
; SW[16]     ; H0[1]       ; 11.524 ;        ;        ; 11.524 ;
; SW[16]     ; H0[2]       ; 11.534 ;        ;        ; 11.534 ;
; SW[16]     ; H0[3]       ; 11.861 ; 11.861 ; 11.861 ; 11.861 ;
; SW[16]     ; H0[4]       ; 11.645 ;        ;        ; 11.645 ;
; SW[16]     ; H0[5]       ; 11.635 ;        ;        ; 11.635 ;
; SW[16]     ; H0[6]       ; 10.459 ;        ;        ; 10.459 ;
; SW[16]     ; H1[0]       ; 14.225 ; 14.225 ; 14.225 ; 14.225 ;
; SW[16]     ; H1[1]       ; 13.929 ;        ;        ; 13.929 ;
; SW[16]     ; H1[2]       ; 14.044 ;        ;        ; 14.044 ;
; SW[16]     ; H1[3]       ; 10.963 ; 10.963 ; 10.963 ; 10.963 ;
; SW[16]     ; H1[4]       ; 12.906 ; 12.906 ; 12.906 ; 12.906 ;
; SW[16]     ; H1[5]       ; 13.331 ; 13.331 ; 13.331 ; 13.331 ;
; SW[16]     ; H1[6]       ; 12.732 ; 12.732 ; 12.732 ; 12.732 ;
; SW[16]     ; H2[0]       ;        ; 12.007 ; 12.007 ;        ;
; SW[16]     ; H2[1]       ;        ; 13.536 ; 13.536 ;        ;
; SW[16]     ; H2[2]       ;        ; 13.576 ; 13.576 ;        ;
; SW[16]     ; H2[3]       ; 12.094 ; 12.094 ; 12.094 ; 12.094 ;
; SW[16]     ; H2[4]       ; 12.100 ; 12.100 ; 12.100 ; 12.100 ;
; SW[16]     ; H2[5]       ; 12.100 ; 12.100 ; 12.100 ; 12.100 ;
; SW[16]     ; H2[6]       ;        ; 11.692 ; 11.692 ;        ;
; SW[16]     ; H3[0]       ; 13.820 ; 13.820 ; 13.820 ; 13.820 ;
; SW[16]     ; H3[1]       ;        ; 12.070 ; 12.070 ;        ;
; SW[16]     ; H3[2]       ;        ; 12.070 ; 12.070 ;        ;
; SW[16]     ; H3[4]       ;        ; 11.647 ; 11.647 ;        ;
; SW[16]     ; H3[5]       ;        ; 12.084 ; 12.084 ;        ;
; SW[16]     ; H3[6]       ; 11.685 ; 11.685 ; 11.685 ; 11.685 ;
; SW[16]     ; H4[0]       ; 9.667  ;        ;        ; 9.667  ;
; SW[16]     ; H4[1]       ; 9.778  ;        ;        ; 9.778  ;
; SW[16]     ; H4[2]       ; 9.778  ;        ;        ; 9.778  ;
; SW[16]     ; H4[3]       ; 9.319  ; 9.319  ; 9.319  ; 9.319  ;
; SW[16]     ; H4[4]       ; 9.365  ;        ;        ; 9.365  ;
; SW[16]     ; H4[5]       ; 9.365  ;        ;        ; 9.365  ;
; SW[16]     ; H4[6]       ; 10.056 ;        ;        ; 10.056 ;
; SW[16]     ; H5[0]       ; 10.064 ; 10.064 ; 10.064 ; 10.064 ;
; SW[16]     ; H5[1]       ; 9.915  ;        ;        ; 9.915  ;
; SW[16]     ; H5[2]       ; 9.915  ;        ;        ; 9.915  ;
; SW[16]     ; H5[3]       ; 10.329 ; 10.329 ; 10.329 ; 10.329 ;
; SW[16]     ; H5[4]       ; 9.647  ; 9.647  ; 9.647  ; 9.647  ;
; SW[16]     ; H5[5]       ; 9.647  ; 9.647  ; 9.647  ; 9.647  ;
; SW[16]     ; H5[6]       ; 9.706  ; 9.706  ; 9.706  ; 9.706  ;
; SW[16]     ; H6[0]       ;        ; 10.356 ; 10.356 ;        ;
; SW[16]     ; H6[1]       ;        ; 10.130 ; 10.130 ;        ;
; SW[16]     ; H6[2]       ;        ; 10.130 ; 10.130 ;        ;
; SW[16]     ; H6[3]       ; 10.396 ; 10.396 ; 10.396 ; 10.396 ;
; SW[16]     ; H6[4]       ; 10.348 ; 10.348 ; 10.348 ; 10.348 ;
; SW[16]     ; H6[5]       ; 10.328 ; 10.328 ; 10.328 ; 10.328 ;
; SW[16]     ; H6[6]       ;        ; 10.587 ; 10.587 ;        ;
; SW[16]     ; H7[0]       ; 10.250 ; 10.250 ; 10.250 ; 10.250 ;
; SW[16]     ; H7[1]       ;        ; 10.618 ; 10.618 ;        ;
; SW[16]     ; H7[2]       ;        ; 10.588 ; 10.588 ;        ;
; SW[16]     ; H7[4]       ;        ; 10.823 ; 10.823 ;        ;
; SW[16]     ; H7[5]       ;        ; 10.875 ; 10.875 ;        ;
; SW[16]     ; H7[6]       ; 10.237 ; 10.237 ; 10.237 ; 10.237 ;
; SW[17]     ; H0[0]       ; 11.453 ; 11.453 ; 11.453 ; 11.453 ;
; SW[17]     ; H0[3]       ; 11.551 ; 11.551 ; 11.551 ; 11.551 ;
; SW[17]     ; H0[4]       ;        ; 11.335 ; 11.335 ;        ;
; SW[17]     ; H0[5]       ;        ; 11.325 ; 11.325 ;        ;
; SW[17]     ; H0[6]       ;        ; 10.925 ; 10.925 ;        ;
; SW[17]     ; H1[0]       ; 13.903 ; 13.903 ; 13.903 ; 13.903 ;
; SW[17]     ; H1[3]       ; 11.432 ; 11.432 ; 11.432 ; 11.432 ;
; SW[17]     ; H1[4]       ; 12.569 ; 12.569 ; 12.569 ; 12.569 ;
; SW[17]     ; H1[5]       ; 12.994 ; 12.994 ; 12.994 ; 12.994 ;
; SW[17]     ; H1[6]       ;        ; 12.397 ; 12.397 ;        ;
; SW[17]     ; H2[0]       ; 11.689 ; 11.689 ; 11.689 ; 11.689 ;
; SW[17]     ; H2[3]       ; 11.765 ; 11.765 ; 11.765 ; 11.765 ;
; SW[17]     ; H2[4]       ; 11.766 ; 11.766 ; 11.766 ; 11.766 ;
; SW[17]     ; H2[5]       ; 11.766 ; 11.766 ; 11.766 ; 11.766 ;
; SW[17]     ; H2[6]       ;        ; 11.362 ; 11.362 ;        ;
; SW[17]     ; H3[0]       ; 13.485 ;        ;        ; 13.485 ;
; SW[17]     ; H3[3]       ; 9.665  ;        ;        ; 9.665  ;
; SW[17]     ; H3[4]       ; 11.344 ;        ;        ; 11.344 ;
; SW[17]     ; H3[5]       ; 11.781 ;        ;        ; 11.781 ;
; SW[17]     ; H3[6]       ; 11.364 ; 11.364 ; 11.364 ; 11.364 ;
; SW[17]     ; H4[0]       ; 9.333  ; 9.333  ; 9.333  ; 9.333  ;
; SW[17]     ; H4[3]       ; 9.036  ; 9.036  ; 9.036  ; 9.036  ;
; SW[17]     ; H4[4]       ; 9.060  ;        ;        ; 9.060  ;
; SW[17]     ; H4[5]       ; 9.060  ;        ;        ; 9.060  ;
; SW[17]     ; H4[6]       ; 9.744  ;        ;        ; 9.744  ;
; SW[17]     ; H5[0]       ; 9.725  ; 9.725  ; 9.725  ; 9.725  ;
; SW[17]     ; H5[3]       ; 10.040 ; 10.040 ; 10.040 ; 10.040 ;
; SW[17]     ; H5[4]       ; 9.341  ; 9.341  ; 9.341  ; 9.341  ;
; SW[17]     ; H5[5]       ; 9.341  ; 9.341  ; 9.341  ; 9.341  ;
; SW[17]     ; H5[6]       ; 9.377  ;        ;        ; 9.377  ;
; SW[17]     ; H6[0]       ; 10.014 ; 10.014 ; 10.014 ; 10.014 ;
; SW[17]     ; H6[3]       ; 10.069 ; 10.069 ; 10.069 ; 10.069 ;
; SW[17]     ; H6[4]       ; 10.047 ; 10.047 ; 10.047 ; 10.047 ;
; SW[17]     ; H6[5]       ; 10.027 ; 10.027 ; 10.027 ; 10.027 ;
; SW[17]     ; H6[6]       ; 10.246 ;        ;        ; 10.246 ;
; SW[17]     ; H7[0]       ;        ; 9.919  ; 9.919  ;        ;
; SW[17]     ; H7[3]       ;        ; 8.869  ; 8.869  ;        ;
; SW[17]     ; H7[4]       ;        ; 10.508 ; 10.508 ;        ;
; SW[17]     ; H7[5]       ;        ; 10.560 ; 10.560 ;        ;
; SW[17]     ; H7[6]       ; 9.917  ; 9.917  ; 9.917  ; 9.917  ;
+------------+-------------+--------+--------+--------+--------+


----------------------------
; Fast Model Setup Summary ;
----------------------------
No paths to report.


---------------------------
; Fast Model Hold Summary ;
---------------------------
No paths to report.


-------------------------------
; Fast Model Recovery Summary ;
-------------------------------
No paths to report.


------------------------------
; Fast Model Removal Summary ;
------------------------------
No paths to report.


------------------------------------------
; Fast Model Minimum Pulse Width Summary ;
------------------------------------------
No paths to report.


+----------------------------------------------------------+
; Propagation Delay                                        ;
+------------+-------------+-------+-------+-------+-------+
; Input Port ; Output Port ; RR    ; RF    ; FR    ; FF    ;
+------------+-------------+-------+-------+-------+-------+
; SW[15]     ; H0[0]       ; 6.391 ; 6.391 ; 6.391 ; 6.391 ;
; SW[15]     ; H0[1]       ; 6.267 ;       ;       ; 6.267 ;
; SW[15]     ; H0[2]       ; 6.277 ;       ;       ; 6.277 ;
; SW[15]     ; H0[3]       ; 6.319 ; 6.319 ; 6.319 ; 6.319 ;
; SW[15]     ; H0[4]       ; 6.357 ;       ;       ; 6.357 ;
; SW[15]     ; H0[5]       ; 6.347 ;       ;       ; 6.347 ;
; SW[15]     ; H1[0]       ; 7.365 ; 7.365 ; 7.365 ; 7.365 ;
; SW[15]     ; H1[1]       ;       ; 7.348 ; 7.348 ;       ;
; SW[15]     ; H1[2]       ;       ; 7.343 ; 7.343 ;       ;
; SW[15]     ; H1[4]       ;       ; 6.793 ; 6.793 ;       ;
; SW[15]     ; H1[5]       ;       ; 6.963 ; 6.963 ;       ;
; SW[15]     ; H1[6]       ; 6.794 ; 6.794 ; 6.794 ; 6.794 ;
; SW[15]     ; H2[0]       ; 6.497 ; 6.497 ; 6.497 ; 6.497 ;
; SW[15]     ; H2[1]       ; 7.128 ;       ;       ; 7.128 ;
; SW[15]     ; H2[2]       ; 7.168 ;       ;       ; 7.168 ;
; SW[15]     ; H2[3]       ; 6.515 ; 6.515 ; 6.515 ; 6.515 ;
; SW[15]     ; H2[4]       ; 6.544 ;       ;       ; 6.544 ;
; SW[15]     ; H2[5]       ; 6.544 ;       ;       ; 6.544 ;
; SW[15]     ; H3[0]       ; 7.184 ; 7.184 ; 7.184 ; 7.184 ;
; SW[15]     ; H3[1]       ;       ; 6.566 ; 6.566 ;       ;
; SW[15]     ; H3[2]       ;       ; 6.566 ; 6.566 ;       ;
; SW[15]     ; H3[4]       ;       ; 6.344 ; 6.344 ;       ;
; SW[15]     ; H3[5]       ;       ; 6.516 ; 6.516 ;       ;
; SW[15]     ; H3[6]       ; 6.246 ; 6.246 ; 6.246 ; 6.246 ;
; SW[15]     ; H4[0]       ; 5.300 ; 5.300 ; 5.300 ; 5.300 ;
; SW[15]     ; H4[1]       ; 5.434 ;       ;       ; 5.434 ;
; SW[15]     ; H4[2]       ; 5.434 ;       ;       ; 5.434 ;
; SW[15]     ; H4[3]       ; 5.154 ; 5.154 ; 5.154 ; 5.154 ;
; SW[15]     ; H4[4]       ; 5.183 ;       ;       ; 5.183 ;
; SW[15]     ; H4[5]       ; 5.183 ;       ;       ; 5.183 ;
; SW[15]     ; H5[0]       ; 5.441 ; 5.441 ; 5.441 ; 5.441 ;
; SW[15]     ; H5[1]       ;       ; 5.485 ; 5.485 ;       ;
; SW[15]     ; H5[2]       ;       ; 5.485 ; 5.485 ;       ;
; SW[15]     ; H5[4]       ;       ; 5.302 ; 5.302 ;       ;
; SW[15]     ; H5[5]       ;       ; 5.302 ; 5.302 ;       ;
; SW[15]     ; H5[6]       ; 5.323 ; 5.323 ; 5.323 ; 5.323 ;
; SW[15]     ; H6[0]       ; 5.574 ; 5.574 ; 5.574 ; 5.574 ;
; SW[15]     ; H6[1]       ; 5.594 ;       ;       ; 5.594 ;
; SW[15]     ; H6[2]       ; 5.594 ;       ;       ; 5.594 ;
; SW[15]     ; H6[3]       ; 5.675 ; 5.675 ; 5.675 ; 5.675 ;
; SW[15]     ; H6[4]       ; 5.668 ;       ;       ; 5.668 ;
; SW[15]     ; H6[5]       ; 5.648 ;       ;       ; 5.648 ;
; SW[15]     ; H7[0]       ; 5.609 ; 5.609 ; 5.609 ; 5.609 ;
; SW[15]     ; H7[1]       ;       ; 5.891 ; 5.891 ;       ;
; SW[15]     ; H7[2]       ;       ; 5.861 ; 5.861 ;       ;
; SW[15]     ; H7[4]       ;       ; 5.815 ; 5.815 ;       ;
; SW[15]     ; H7[5]       ;       ; 5.859 ; 5.859 ;       ;
; SW[15]     ; H7[6]       ; 5.607 ; 5.607 ; 5.607 ; 5.607 ;
; SW[16]     ; H0[0]       ; 6.487 ;       ;       ; 6.487 ;
; SW[16]     ; H0[1]       ; 6.276 ;       ;       ; 6.276 ;
; SW[16]     ; H0[2]       ; 6.286 ;       ;       ; 6.286 ;
; SW[16]     ; H0[3]       ; 6.450 ; 6.450 ; 6.450 ; 6.450 ;
; SW[16]     ; H0[4]       ; 6.443 ;       ;       ; 6.443 ;
; SW[16]     ; H0[5]       ; 6.433 ;       ;       ; 6.433 ;
; SW[16]     ; H0[6]       ; 5.860 ;       ;       ; 5.860 ;
; SW[16]     ; H1[0]       ; 7.499 ; 7.499 ; 7.499 ; 7.499 ;
; SW[16]     ; H1[1]       ; 7.368 ;       ;       ; 7.368 ;
; SW[16]     ; H1[2]       ; 7.363 ;       ;       ; 7.363 ;
; SW[16]     ; H1[3]       ; 6.086 ; 6.086 ; 6.086 ; 6.086 ;
; SW[16]     ; H1[4]       ; 6.931 ; 6.931 ; 6.931 ; 6.931 ;
; SW[16]     ; H1[5]       ; 7.101 ; 7.101 ; 7.101 ; 7.101 ;
; SW[16]     ; H1[6]       ; 6.932 ; 6.932 ; 6.932 ; 6.932 ;
; SW[16]     ; H2[0]       ;       ; 6.587 ; 6.587 ;       ;
; SW[16]     ; H2[1]       ;       ; 7.149 ; 7.149 ;       ;
; SW[16]     ; H2[2]       ;       ; 7.189 ; 7.189 ;       ;
; SW[16]     ; H2[3]       ; 6.611 ; 6.611 ; 6.611 ; 6.611 ;
; SW[16]     ; H2[4]       ; 6.642 ; 6.642 ; 6.642 ; 6.642 ;
; SW[16]     ; H2[5]       ; 6.642 ; 6.642 ; 6.642 ; 6.642 ;
; SW[16]     ; H2[6]       ;       ; 6.404 ; 6.404 ;       ;
; SW[16]     ; H3[0]       ; 7.281 ; 7.281 ; 7.281 ; 7.281 ;
; SW[16]     ; H3[1]       ;       ; 6.561 ; 6.561 ;       ;
; SW[16]     ; H3[2]       ;       ; 6.561 ; 6.561 ;       ;
; SW[16]     ; H3[4]       ;       ; 6.441 ; 6.441 ;       ;
; SW[16]     ; H3[5]       ;       ; 6.613 ; 6.613 ;       ;
; SW[16]     ; H3[6]       ; 6.380 ; 6.380 ; 6.380 ; 6.380 ;
; SW[16]     ; H4[0]       ; 5.398 ;       ;       ; 5.398 ;
; SW[16]     ; H4[1]       ; 5.443 ;       ;       ; 5.443 ;
; SW[16]     ; H4[2]       ; 5.443 ;       ;       ; 5.443 ;
; SW[16]     ; H4[3]       ; 5.238 ; 5.238 ; 5.238 ; 5.238 ;
; SW[16]     ; H4[4]       ; 5.281 ;       ;       ; 5.281 ;
; SW[16]     ; H4[5]       ; 5.281 ;       ;       ; 5.281 ;
; SW[16]     ; H4[6]       ; 5.568 ;       ;       ; 5.568 ;
; SW[16]     ; H5[0]       ; 5.579 ; 5.579 ; 5.579 ; 5.579 ;
; SW[16]     ; H5[1]       ; 5.505 ;       ;       ; 5.505 ;
; SW[16]     ; H5[2]       ; 5.505 ;       ;       ; 5.505 ;
; SW[16]     ; H5[3]       ; 5.714 ; 5.714 ; 5.714 ; 5.714 ;
; SW[16]     ; H5[4]       ; 5.405 ; 5.405 ; 5.405 ; 5.405 ;
; SW[16]     ; H5[5]       ; 5.405 ; 5.405 ; 5.405 ; 5.405 ;
; SW[16]     ; H5[6]       ; 5.423 ; 5.423 ; 5.423 ; 5.423 ;
; SW[16]     ; H6[0]       ;       ; 5.713 ; 5.713 ;       ;
; SW[16]     ; H6[1]       ;       ; 5.615 ; 5.615 ;       ;
; SW[16]     ; H6[2]       ;       ; 5.615 ; 5.615 ;       ;
; SW[16]     ; H6[3]       ; 5.776 ; 5.776 ; 5.776 ; 5.776 ;
; SW[16]     ; H6[4]       ; 5.769 ; 5.769 ; 5.769 ; 5.769 ;
; SW[16]     ; H6[5]       ; 5.749 ; 5.749 ; 5.749 ; 5.749 ;
; SW[16]     ; H6[6]       ;       ; 5.860 ; 5.860 ;       ;
; SW[16]     ; H7[0]       ; 5.707 ; 5.707 ; 5.707 ; 5.707 ;
; SW[16]     ; H7[1]       ;       ; 5.886 ; 5.886 ;       ;
; SW[16]     ; H7[2]       ;       ; 5.856 ; 5.856 ;       ;
; SW[16]     ; H7[4]       ;       ; 5.950 ; 5.950 ;       ;
; SW[16]     ; H7[5]       ;       ; 5.994 ; 5.994 ;       ;
; SW[16]     ; H7[6]       ; 5.697 ; 5.697 ; 5.697 ; 5.697 ;
; SW[17]     ; H0[0]       ; 6.336 ; 6.336 ; 6.336 ; 6.336 ;
; SW[17]     ; H0[3]       ; 6.322 ; 6.322 ; 6.322 ; 6.322 ;
; SW[17]     ; H0[4]       ;       ; 6.305 ; 6.305 ;       ;
; SW[17]     ; H0[5]       ;       ; 6.295 ; 6.295 ;       ;
; SW[17]     ; H0[6]       ;       ; 6.072 ; 6.072 ;       ;
; SW[17]     ; H1[0]       ; 7.363 ; 7.363 ; 7.363 ; 7.363 ;
; SW[17]     ; H1[3]       ; 6.294 ; 6.294 ; 6.294 ; 6.294 ;
; SW[17]     ; H1[4]       ; 6.780 ; 6.780 ; 6.780 ; 6.780 ;
; SW[17]     ; H1[5]       ; 6.950 ; 6.950 ; 6.950 ; 6.950 ;
; SW[17]     ; H1[6]       ;       ; 6.803 ; 6.803 ;       ;
; SW[17]     ; H2[0]       ; 6.449 ; 6.449 ; 6.449 ; 6.449 ;
; SW[17]     ; H2[3]       ; 6.464 ; 6.464 ; 6.464 ; 6.464 ;
; SW[17]     ; H2[4]       ; 6.491 ; 6.491 ; 6.491 ; 6.491 ;
; SW[17]     ; H2[5]       ; 6.491 ; 6.491 ; 6.491 ; 6.491 ;
; SW[17]     ; H2[6]       ;       ; 6.278 ; 6.278 ;       ;
; SW[17]     ; H3[0]       ; 7.130 ;       ;       ; 7.130 ;
; SW[17]     ; H3[3]       ; 5.511 ;       ;       ; 5.511 ;
; SW[17]     ; H3[4]       ; 6.290 ;       ;       ; 6.290 ;
; SW[17]     ; H3[5]       ; 6.462 ;       ;       ; 6.462 ;
; SW[17]     ; H3[6]       ; 6.245 ; 6.245 ; 6.245 ; 6.245 ;
; SW[17]     ; H4[0]       ; 5.247 ; 5.247 ; 5.247 ; 5.247 ;
; SW[17]     ; H4[3]       ; 5.105 ; 5.105 ; 5.105 ; 5.105 ;
; SW[17]     ; H4[4]       ; 5.130 ;       ;       ; 5.130 ;
; SW[17]     ; H4[5]       ; 5.130 ;       ;       ; 5.130 ;
; SW[17]     ; H4[6]       ; 5.439 ;       ;       ; 5.439 ;
; SW[17]     ; H5[0]       ; 5.426 ; 5.426 ; 5.426 ; 5.426 ;
; SW[17]     ; H5[3]       ; 5.578 ; 5.578 ; 5.578 ; 5.578 ;
; SW[17]     ; H5[4]       ; 5.249 ; 5.249 ; 5.249 ; 5.249 ;
; SW[17]     ; H5[5]       ; 5.249 ; 5.249 ; 5.249 ; 5.249 ;
; SW[17]     ; H5[6]       ; 5.272 ;       ;       ; 5.272 ;
; SW[17]     ; H6[0]       ; 5.555 ; 5.555 ; 5.555 ; 5.555 ;
; SW[17]     ; H6[3]       ; 5.624 ; 5.624 ; 5.624 ; 5.624 ;
; SW[17]     ; H6[4]       ; 5.617 ; 5.617 ; 5.617 ; 5.617 ;
; SW[17]     ; H6[5]       ; 5.597 ; 5.597 ; 5.597 ; 5.597 ;
; SW[17]     ; H6[6]       ; 5.698 ;       ;       ; 5.698 ;
; SW[17]     ; H7[0]       ;       ; 5.581 ; 5.581 ;       ;
; SW[17]     ; H7[3]       ;       ; 5.066 ; 5.066 ;       ;
; SW[17]     ; H7[4]       ;       ; 5.818 ; 5.818 ;       ;
; SW[17]     ; H7[5]       ;       ; 5.862 ; 5.862 ;       ;
; SW[17]     ; H7[6]       ; 5.559 ; 5.559 ; 5.559 ; 5.559 ;
+------------+-------------+-------+-------+-------+-------+


+----------------------------------------------------------+
; Minimum Propagation Delay                                ;
+------------+-------------+-------+-------+-------+-------+
; Input Port ; Output Port ; RR    ; RF    ; FR    ; FF    ;
+------------+-------------+-------+-------+-------+-------+
; SW[15]     ; H0[0]       ; 6.391 ; 6.391 ; 6.391 ; 6.391 ;
; SW[15]     ; H0[1]       ; 6.267 ;       ;       ; 6.267 ;
; SW[15]     ; H0[2]       ; 6.277 ;       ;       ; 6.277 ;
; SW[15]     ; H0[3]       ; 6.319 ; 6.319 ; 6.319 ; 6.319 ;
; SW[15]     ; H0[4]       ; 6.357 ;       ;       ; 6.357 ;
; SW[15]     ; H0[5]       ; 6.347 ;       ;       ; 6.347 ;
; SW[15]     ; H1[0]       ; 7.365 ; 7.365 ; 7.365 ; 7.365 ;
; SW[15]     ; H1[1]       ;       ; 7.348 ; 7.348 ;       ;
; SW[15]     ; H1[2]       ;       ; 7.343 ; 7.343 ;       ;
; SW[15]     ; H1[4]       ;       ; 6.793 ; 6.793 ;       ;
; SW[15]     ; H1[5]       ;       ; 6.963 ; 6.963 ;       ;
; SW[15]     ; H1[6]       ; 6.794 ; 6.794 ; 6.794 ; 6.794 ;
; SW[15]     ; H2[0]       ; 6.497 ; 6.497 ; 6.497 ; 6.497 ;
; SW[15]     ; H2[1]       ; 7.128 ;       ;       ; 7.128 ;
; SW[15]     ; H2[2]       ; 7.168 ;       ;       ; 7.168 ;
; SW[15]     ; H2[3]       ; 6.515 ; 6.515 ; 6.515 ; 6.515 ;
; SW[15]     ; H2[4]       ; 6.544 ;       ;       ; 6.544 ;
; SW[15]     ; H2[5]       ; 6.544 ;       ;       ; 6.544 ;
; SW[15]     ; H3[0]       ; 7.184 ; 7.184 ; 7.184 ; 7.184 ;
; SW[15]     ; H3[1]       ;       ; 6.566 ; 6.566 ;       ;
; SW[15]     ; H3[2]       ;       ; 6.566 ; 6.566 ;       ;
; SW[15]     ; H3[4]       ;       ; 6.344 ; 6.344 ;       ;
; SW[15]     ; H3[5]       ;       ; 6.516 ; 6.516 ;       ;
; SW[15]     ; H3[6]       ; 6.246 ; 6.246 ; 6.246 ; 6.246 ;
; SW[15]     ; H4[0]       ; 5.300 ; 5.300 ; 5.300 ; 5.300 ;
; SW[15]     ; H4[1]       ; 5.434 ;       ;       ; 5.434 ;
; SW[15]     ; H4[2]       ; 5.434 ;       ;       ; 5.434 ;
; SW[15]     ; H4[3]       ; 5.154 ; 5.154 ; 5.154 ; 5.154 ;
; SW[15]     ; H4[4]       ; 5.183 ;       ;       ; 5.183 ;
; SW[15]     ; H4[5]       ; 5.183 ;       ;       ; 5.183 ;
; SW[15]     ; H5[0]       ; 5.441 ; 5.441 ; 5.441 ; 5.441 ;
; SW[15]     ; H5[1]       ;       ; 5.485 ; 5.485 ;       ;
; SW[15]     ; H5[2]       ;       ; 5.485 ; 5.485 ;       ;
; SW[15]     ; H5[4]       ;       ; 5.302 ; 5.302 ;       ;
; SW[15]     ; H5[5]       ;       ; 5.302 ; 5.302 ;       ;
; SW[15]     ; H5[6]       ; 5.323 ; 5.323 ; 5.323 ; 5.323 ;
; SW[15]     ; H6[0]       ; 5.574 ; 5.574 ; 5.574 ; 5.574 ;
; SW[15]     ; H6[1]       ; 5.594 ;       ;       ; 5.594 ;
; SW[15]     ; H6[2]       ; 5.594 ;       ;       ; 5.594 ;
; SW[15]     ; H6[3]       ; 5.675 ; 5.675 ; 5.675 ; 5.675 ;
; SW[15]     ; H6[4]       ; 5.668 ;       ;       ; 5.668 ;
; SW[15]     ; H6[5]       ; 5.648 ;       ;       ; 5.648 ;
; SW[15]     ; H7[0]       ; 5.609 ; 5.609 ; 5.609 ; 5.609 ;
; SW[15]     ; H7[1]       ;       ; 5.891 ; 5.891 ;       ;
; SW[15]     ; H7[2]       ;       ; 5.861 ; 5.861 ;       ;
; SW[15]     ; H7[4]       ;       ; 5.815 ; 5.815 ;       ;
; SW[15]     ; H7[5]       ;       ; 5.859 ; 5.859 ;       ;
; SW[15]     ; H7[6]       ; 5.607 ; 5.607 ; 5.607 ; 5.607 ;
; SW[16]     ; H0[0]       ; 6.487 ;       ;       ; 6.487 ;
; SW[16]     ; H0[1]       ; 6.276 ;       ;       ; 6.276 ;
; SW[16]     ; H0[2]       ; 6.286 ;       ;       ; 6.286 ;
; SW[16]     ; H0[3]       ; 6.450 ; 6.450 ; 6.450 ; 6.450 ;
; SW[16]     ; H0[4]       ; 6.443 ;       ;       ; 6.443 ;
; SW[16]     ; H0[5]       ; 6.433 ;       ;       ; 6.433 ;
; SW[16]     ; H0[6]       ; 5.860 ;       ;       ; 5.860 ;
; SW[16]     ; H1[0]       ; 7.499 ; 7.499 ; 7.499 ; 7.499 ;
; SW[16]     ; H1[1]       ; 7.368 ;       ;       ; 7.368 ;
; SW[16]     ; H1[2]       ; 7.363 ;       ;       ; 7.363 ;
; SW[16]     ; H1[3]       ; 6.086 ; 6.086 ; 6.086 ; 6.086 ;
; SW[16]     ; H1[4]       ; 6.931 ; 6.931 ; 6.931 ; 6.931 ;
; SW[16]     ; H1[5]       ; 7.101 ; 7.101 ; 7.101 ; 7.101 ;
; SW[16]     ; H1[6]       ; 6.932 ; 6.932 ; 6.932 ; 6.932 ;
; SW[16]     ; H2[0]       ;       ; 6.587 ; 6.587 ;       ;
; SW[16]     ; H2[1]       ;       ; 7.149 ; 7.149 ;       ;
; SW[16]     ; H2[2]       ;       ; 7.189 ; 7.189 ;       ;
; SW[16]     ; H2[3]       ; 6.611 ; 6.611 ; 6.611 ; 6.611 ;
; SW[16]     ; H2[4]       ; 6.642 ; 6.642 ; 6.642 ; 6.642 ;
; SW[16]     ; H2[5]       ; 6.642 ; 6.642 ; 6.642 ; 6.642 ;
; SW[16]     ; H2[6]       ;       ; 6.404 ; 6.404 ;       ;
; SW[16]     ; H3[0]       ; 7.281 ; 7.281 ; 7.281 ; 7.281 ;
; SW[16]     ; H3[1]       ;       ; 6.561 ; 6.561 ;       ;
; SW[16]     ; H3[2]       ;       ; 6.561 ; 6.561 ;       ;
; SW[16]     ; H3[4]       ;       ; 6.441 ; 6.441 ;       ;
; SW[16]     ; H3[5]       ;       ; 6.613 ; 6.613 ;       ;
; SW[16]     ; H3[6]       ; 6.380 ; 6.380 ; 6.380 ; 6.380 ;
; SW[16]     ; H4[0]       ; 5.398 ;       ;       ; 5.398 ;
; SW[16]     ; H4[1]       ; 5.443 ;       ;       ; 5.443 ;
; SW[16]     ; H4[2]       ; 5.443 ;       ;       ; 5.443 ;
; SW[16]     ; H4[3]       ; 5.238 ; 5.238 ; 5.238 ; 5.238 ;
; SW[16]     ; H4[4]       ; 5.281 ;       ;       ; 5.281 ;
; SW[16]     ; H4[5]       ; 5.281 ;       ;       ; 5.281 ;
; SW[16]     ; H4[6]       ; 5.568 ;       ;       ; 5.568 ;
; SW[16]     ; H5[0]       ; 5.579 ; 5.579 ; 5.579 ; 5.579 ;
; SW[16]     ; H5[1]       ; 5.505 ;       ;       ; 5.505 ;
; SW[16]     ; H5[2]       ; 5.505 ;       ;       ; 5.505 ;
; SW[16]     ; H5[3]       ; 5.714 ; 5.714 ; 5.714 ; 5.714 ;
; SW[16]     ; H5[4]       ; 5.405 ; 5.405 ; 5.405 ; 5.405 ;
; SW[16]     ; H5[5]       ; 5.405 ; 5.405 ; 5.405 ; 5.405 ;
; SW[16]     ; H5[6]       ; 5.423 ; 5.423 ; 5.423 ; 5.423 ;
; SW[16]     ; H6[0]       ;       ; 5.713 ; 5.713 ;       ;
; SW[16]     ; H6[1]       ;       ; 5.615 ; 5.615 ;       ;
; SW[16]     ; H6[2]       ;       ; 5.615 ; 5.615 ;       ;
; SW[16]     ; H6[3]       ; 5.776 ; 5.776 ; 5.776 ; 5.776 ;
; SW[16]     ; H6[4]       ; 5.769 ; 5.769 ; 5.769 ; 5.769 ;
; SW[16]     ; H6[5]       ; 5.749 ; 5.749 ; 5.749 ; 5.749 ;
; SW[16]     ; H6[6]       ;       ; 5.860 ; 5.860 ;       ;
; SW[16]     ; H7[0]       ; 5.707 ; 5.707 ; 5.707 ; 5.707 ;
; SW[16]     ; H7[1]       ;       ; 5.886 ; 5.886 ;       ;
; SW[16]     ; H7[2]       ;       ; 5.856 ; 5.856 ;       ;
; SW[16]     ; H7[4]       ;       ; 5.950 ; 5.950 ;       ;
; SW[16]     ; H7[5]       ;       ; 5.994 ; 5.994 ;       ;
; SW[16]     ; H7[6]       ; 5.697 ; 5.697 ; 5.697 ; 5.697 ;
; SW[17]     ; H0[0]       ; 6.336 ; 6.336 ; 6.336 ; 6.336 ;
; SW[17]     ; H0[3]       ; 6.322 ; 6.322 ; 6.322 ; 6.322 ;
; SW[17]     ; H0[4]       ;       ; 6.305 ; 6.305 ;       ;
; SW[17]     ; H0[5]       ;       ; 6.295 ; 6.295 ;       ;
; SW[17]     ; H0[6]       ;       ; 6.072 ; 6.072 ;       ;
; SW[17]     ; H1[0]       ; 7.363 ; 7.363 ; 7.363 ; 7.363 ;
; SW[17]     ; H1[3]       ; 6.294 ; 6.294 ; 6.294 ; 6.294 ;
; SW[17]     ; H1[4]       ; 6.780 ; 6.780 ; 6.780 ; 6.780 ;
; SW[17]     ; H1[5]       ; 6.950 ; 6.950 ; 6.950 ; 6.950 ;
; SW[17]     ; H1[6]       ;       ; 6.803 ; 6.803 ;       ;
; SW[17]     ; H2[0]       ; 6.449 ; 6.449 ; 6.449 ; 6.449 ;
; SW[17]     ; H2[3]       ; 6.464 ; 6.464 ; 6.464 ; 6.464 ;
; SW[17]     ; H2[4]       ; 6.491 ; 6.491 ; 6.491 ; 6.491 ;
; SW[17]     ; H2[5]       ; 6.491 ; 6.491 ; 6.491 ; 6.491 ;
; SW[17]     ; H2[6]       ;       ; 6.278 ; 6.278 ;       ;
; SW[17]     ; H3[0]       ; 7.130 ;       ;       ; 7.130 ;
; SW[17]     ; H3[3]       ; 5.511 ;       ;       ; 5.511 ;
; SW[17]     ; H3[4]       ; 6.290 ;       ;       ; 6.290 ;
; SW[17]     ; H3[5]       ; 6.462 ;       ;       ; 6.462 ;
; SW[17]     ; H3[6]       ; 6.245 ; 6.245 ; 6.245 ; 6.245 ;
; SW[17]     ; H4[0]       ; 5.247 ; 5.247 ; 5.247 ; 5.247 ;
; SW[17]     ; H4[3]       ; 5.105 ; 5.105 ; 5.105 ; 5.105 ;
; SW[17]     ; H4[4]       ; 5.130 ;       ;       ; 5.130 ;
; SW[17]     ; H4[5]       ; 5.130 ;       ;       ; 5.130 ;
; SW[17]     ; H4[6]       ; 5.439 ;       ;       ; 5.439 ;
; SW[17]     ; H5[0]       ; 5.426 ; 5.426 ; 5.426 ; 5.426 ;
; SW[17]     ; H5[3]       ; 5.578 ; 5.578 ; 5.578 ; 5.578 ;
; SW[17]     ; H5[4]       ; 5.249 ; 5.249 ; 5.249 ; 5.249 ;
; SW[17]     ; H5[5]       ; 5.249 ; 5.249 ; 5.249 ; 5.249 ;
; SW[17]     ; H5[6]       ; 5.272 ;       ;       ; 5.272 ;
; SW[17]     ; H6[0]       ; 5.555 ; 5.555 ; 5.555 ; 5.555 ;
; SW[17]     ; H6[3]       ; 5.624 ; 5.624 ; 5.624 ; 5.624 ;
; SW[17]     ; H6[4]       ; 5.617 ; 5.617 ; 5.617 ; 5.617 ;
; SW[17]     ; H6[5]       ; 5.597 ; 5.597 ; 5.597 ; 5.597 ;
; SW[17]     ; H6[6]       ; 5.698 ;       ;       ; 5.698 ;
; SW[17]     ; H7[0]       ;       ; 5.581 ; 5.581 ;       ;
; SW[17]     ; H7[3]       ;       ; 5.066 ; 5.066 ;       ;
; SW[17]     ; H7[4]       ;       ; 5.818 ; 5.818 ;       ;
; SW[17]     ; H7[5]       ;       ; 5.862 ; 5.862 ;       ;
; SW[17]     ; H7[6]       ; 5.559 ; 5.559 ; 5.559 ; 5.559 ;
+------------+-------------+-------+-------+-------+-------+


+----------------------------------------------------------------------------+
; Multicorner Timing Analysis Summary                                        ;
+------------------+-------+------+----------+---------+---------------------+
; Clock            ; Setup ; Hold ; Recovery ; Removal ; Minimum Pulse Width ;
+------------------+-------+------+----------+---------+---------------------+
; Worst-case Slack ; N/A   ; N/A  ; N/A      ; N/A     ; N/A                 ;
; Design-wide TNS  ; 0.0   ; 0.0  ; 0.0      ; 0.0     ; 0.0                 ;
+------------------+-------+------+----------+---------+---------------------+


+--------------------------------------------------------------+
; Progagation Delay                                            ;
+------------+-------------+--------+--------+--------+--------+
; Input Port ; Output Port ; RR     ; RF     ; FR     ; FF     ;
+------------+-------------+--------+--------+--------+--------+
; SW[15]     ; H0[0]       ; 11.590 ; 11.590 ; 11.590 ; 11.590 ;
; SW[15]     ; H0[1]       ; 11.549 ;        ;        ; 11.549 ;
; SW[15]     ; H0[2]       ; 11.559 ;        ;        ; 11.559 ;
; SW[15]     ; H0[3]       ; 11.613 ; 11.613 ; 11.613 ; 11.613 ;
; SW[15]     ; H0[4]       ; 11.466 ;        ;        ; 11.466 ;
; SW[15]     ; H0[5]       ; 11.456 ;        ;        ; 11.456 ;
; SW[15]     ; H1[0]       ; 13.964 ; 13.964 ; 13.964 ; 13.964 ;
; SW[15]     ; H1[1]       ;        ; 13.941 ; 13.941 ;        ;
; SW[15]     ; H1[2]       ;        ; 14.056 ; 14.056 ;        ;
; SW[15]     ; H1[4]       ;        ; 12.649 ; 12.649 ;        ;
; SW[15]     ; H1[5]       ;        ; 13.074 ; 13.074 ;        ;
; SW[15]     ; H1[6]       ; 12.474 ; 12.474 ; 12.474 ; 12.474 ;
; SW[15]     ; H2[0]       ; 11.820 ; 11.820 ; 11.820 ; 11.820 ;
; SW[15]     ; H2[1]       ; 13.553 ;        ;        ; 13.553 ;
; SW[15]     ; H2[2]       ; 13.593 ;        ;        ; 13.593 ;
; SW[15]     ; H2[3]       ; 11.899 ; 11.899 ; 11.899 ; 11.899 ;
; SW[15]     ; H2[4]       ; 11.904 ;        ;        ; 11.904 ;
; SW[15]     ; H2[5]       ; 11.904 ;        ;        ; 11.904 ;
; SW[15]     ; H3[0]       ; 13.619 ; 13.619 ; 13.619 ; 13.619 ;
; SW[15]     ; H3[1]       ;        ; 12.081 ; 12.081 ;        ;
; SW[15]     ; H3[2]       ;        ; 12.081 ; 12.081 ;        ;
; SW[15]     ; H3[4]       ;        ; 11.482 ; 11.482 ;        ;
; SW[15]     ; H3[5]       ;        ; 11.919 ; 11.919 ;        ;
; SW[15]     ; H3[6]       ; 11.426 ; 11.426 ; 11.426 ; 11.426 ;
; SW[15]     ; H4[0]       ; 9.466  ; 9.466  ; 9.466  ; 9.466  ;
; SW[15]     ; H4[1]       ; 9.803  ;        ;        ; 9.803  ;
; SW[15]     ; H4[2]       ; 9.803  ;        ;        ; 9.803  ;
; SW[15]     ; H4[3]       ; 9.163  ; 9.163  ; 9.163  ; 9.163  ;
; SW[15]     ; H4[4]       ; 9.192  ;        ;        ; 9.192  ;
; SW[15]     ; H4[5]       ; 9.192  ;        ;        ; 9.192  ;
; SW[15]     ; H5[0]       ; 9.805  ; 9.805  ; 9.805  ; 9.805  ;
; SW[15]     ; H5[1]       ;        ; 9.927  ; 9.927  ;        ;
; SW[15]     ; H5[2]       ;        ; 9.927  ; 9.927  ;        ;
; SW[15]     ; H5[4]       ;        ; 9.478  ; 9.478  ;        ;
; SW[15]     ; H5[5]       ;        ; 9.478  ; 9.478  ;        ;
; SW[15]     ; H5[6]       ; 9.510  ; 9.510  ; 9.510  ; 9.510  ;
; SW[15]     ; H6[0]       ; 10.093 ; 10.093 ; 10.093 ; 10.093 ;
; SW[15]     ; H6[1]       ; 10.147 ;        ;        ; 10.147 ;
; SW[15]     ; H6[2]       ; 10.147 ;        ;        ; 10.147 ;
; SW[15]     ; H6[3]       ; 10.200 ; 10.200 ; 10.200 ; 10.200 ;
; SW[15]     ; H6[4]       ; 10.179 ;        ;        ; 10.179 ;
; SW[15]     ; H6[5]       ; 10.159 ;        ;        ; 10.159 ;
; SW[15]     ; H7[0]       ; 10.054 ; 10.054 ; 10.054 ; 10.054 ;
; SW[15]     ; H7[1]       ;        ; 10.629 ; 10.629 ;        ;
; SW[15]     ; H7[2]       ;        ; 10.599 ; 10.599 ;        ;
; SW[15]     ; H7[4]       ;        ; 10.566 ; 10.566 ;        ;
; SW[15]     ; H7[5]       ;        ; 10.618 ; 10.618 ;        ;
; SW[15]     ; H7[6]       ; 10.045 ; 10.045 ; 10.045 ; 10.045 ;
; SW[16]     ; H0[0]       ; 11.787 ;        ;        ; 11.787 ;
; SW[16]     ; H0[1]       ; 11.524 ;        ;        ; 11.524 ;
; SW[16]     ; H0[2]       ; 11.534 ;        ;        ; 11.534 ;
; SW[16]     ; H0[3]       ; 11.861 ; 11.861 ; 11.861 ; 11.861 ;
; SW[16]     ; H0[4]       ; 11.645 ;        ;        ; 11.645 ;
; SW[16]     ; H0[5]       ; 11.635 ;        ;        ; 11.635 ;
; SW[16]     ; H0[6]       ; 10.459 ;        ;        ; 10.459 ;
; SW[16]     ; H1[0]       ; 14.225 ; 14.225 ; 14.225 ; 14.225 ;
; SW[16]     ; H1[1]       ; 13.929 ;        ;        ; 13.929 ;
; SW[16]     ; H1[2]       ; 14.044 ;        ;        ; 14.044 ;
; SW[16]     ; H1[3]       ; 10.963 ; 10.963 ; 10.963 ; 10.963 ;
; SW[16]     ; H1[4]       ; 12.906 ; 12.906 ; 12.906 ; 12.906 ;
; SW[16]     ; H1[5]       ; 13.331 ; 13.331 ; 13.331 ; 13.331 ;
; SW[16]     ; H1[6]       ; 12.732 ; 12.732 ; 12.732 ; 12.732 ;
; SW[16]     ; H2[0]       ;        ; 12.007 ; 12.007 ;        ;
; SW[16]     ; H2[1]       ;        ; 13.536 ; 13.536 ;        ;
; SW[16]     ; H2[2]       ;        ; 13.576 ; 13.576 ;        ;
; SW[16]     ; H2[3]       ; 12.094 ; 12.094 ; 12.094 ; 12.094 ;
; SW[16]     ; H2[4]       ; 12.100 ; 12.100 ; 12.100 ; 12.100 ;
; SW[16]     ; H2[5]       ; 12.100 ; 12.100 ; 12.100 ; 12.100 ;
; SW[16]     ; H2[6]       ;        ; 11.692 ; 11.692 ;        ;
; SW[16]     ; H3[0]       ; 13.820 ; 13.820 ; 13.820 ; 13.820 ;
; SW[16]     ; H3[1]       ;        ; 12.070 ; 12.070 ;        ;
; SW[16]     ; H3[2]       ;        ; 12.070 ; 12.070 ;        ;
; SW[16]     ; H3[4]       ;        ; 11.647 ; 11.647 ;        ;
; SW[16]     ; H3[5]       ;        ; 12.084 ; 12.084 ;        ;
; SW[16]     ; H3[6]       ; 11.685 ; 11.685 ; 11.685 ; 11.685 ;
; SW[16]     ; H4[0]       ; 9.667  ;        ;        ; 9.667  ;
; SW[16]     ; H4[1]       ; 9.778  ;        ;        ; 9.778  ;
; SW[16]     ; H4[2]       ; 9.778  ;        ;        ; 9.778  ;
; SW[16]     ; H4[3]       ; 9.319  ; 9.319  ; 9.319  ; 9.319  ;
; SW[16]     ; H4[4]       ; 9.365  ;        ;        ; 9.365  ;
; SW[16]     ; H4[5]       ; 9.365  ;        ;        ; 9.365  ;
; SW[16]     ; H4[6]       ; 10.056 ;        ;        ; 10.056 ;
; SW[16]     ; H5[0]       ; 10.064 ; 10.064 ; 10.064 ; 10.064 ;
; SW[16]     ; H5[1]       ; 9.915  ;        ;        ; 9.915  ;
; SW[16]     ; H5[2]       ; 9.915  ;        ;        ; 9.915  ;
; SW[16]     ; H5[3]       ; 10.329 ; 10.329 ; 10.329 ; 10.329 ;
; SW[16]     ; H5[4]       ; 9.647  ; 9.647  ; 9.647  ; 9.647  ;
; SW[16]     ; H5[5]       ; 9.647  ; 9.647  ; 9.647  ; 9.647  ;
; SW[16]     ; H5[6]       ; 9.706  ; 9.706  ; 9.706  ; 9.706  ;
; SW[16]     ; H6[0]       ;        ; 10.356 ; 10.356 ;        ;
; SW[16]     ; H6[1]       ;        ; 10.130 ; 10.130 ;        ;
; SW[16]     ; H6[2]       ;        ; 10.130 ; 10.130 ;        ;
; SW[16]     ; H6[3]       ; 10.396 ; 10.396 ; 10.396 ; 10.396 ;
; SW[16]     ; H6[4]       ; 10.348 ; 10.348 ; 10.348 ; 10.348 ;
; SW[16]     ; H6[5]       ; 10.328 ; 10.328 ; 10.328 ; 10.328 ;
; SW[16]     ; H6[6]       ;        ; 10.587 ; 10.587 ;        ;
; SW[16]     ; H7[0]       ; 10.250 ; 10.250 ; 10.250 ; 10.250 ;
; SW[16]     ; H7[1]       ;        ; 10.618 ; 10.618 ;        ;
; SW[16]     ; H7[2]       ;        ; 10.588 ; 10.588 ;        ;
; SW[16]     ; H7[4]       ;        ; 10.823 ; 10.823 ;        ;
; SW[16]     ; H7[5]       ;        ; 10.875 ; 10.875 ;        ;
; SW[16]     ; H7[6]       ; 10.237 ; 10.237 ; 10.237 ; 10.237 ;
; SW[17]     ; H0[0]       ; 11.453 ; 11.453 ; 11.453 ; 11.453 ;
; SW[17]     ; H0[3]       ; 11.551 ; 11.551 ; 11.551 ; 11.551 ;
; SW[17]     ; H0[4]       ;        ; 11.335 ; 11.335 ;        ;
; SW[17]     ; H0[5]       ;        ; 11.325 ; 11.325 ;        ;
; SW[17]     ; H0[6]       ;        ; 10.925 ; 10.925 ;        ;
; SW[17]     ; H1[0]       ; 13.903 ; 13.903 ; 13.903 ; 13.903 ;
; SW[17]     ; H1[3]       ; 11.432 ; 11.432 ; 11.432 ; 11.432 ;
; SW[17]     ; H1[4]       ; 12.569 ; 12.569 ; 12.569 ; 12.569 ;
; SW[17]     ; H1[5]       ; 12.994 ; 12.994 ; 12.994 ; 12.994 ;
; SW[17]     ; H1[6]       ;        ; 12.397 ; 12.397 ;        ;
; SW[17]     ; H2[0]       ; 11.689 ; 11.689 ; 11.689 ; 11.689 ;
; SW[17]     ; H2[3]       ; 11.765 ; 11.765 ; 11.765 ; 11.765 ;
; SW[17]     ; H2[4]       ; 11.766 ; 11.766 ; 11.766 ; 11.766 ;
; SW[17]     ; H2[5]       ; 11.766 ; 11.766 ; 11.766 ; 11.766 ;
; SW[17]     ; H2[6]       ;        ; 11.362 ; 11.362 ;        ;
; SW[17]     ; H3[0]       ; 13.485 ;        ;        ; 13.485 ;
; SW[17]     ; H3[3]       ; 9.665  ;        ;        ; 9.665  ;
; SW[17]     ; H3[4]       ; 11.344 ;        ;        ; 11.344 ;
; SW[17]     ; H3[5]       ; 11.781 ;        ;        ; 11.781 ;
; SW[17]     ; H3[6]       ; 11.364 ; 11.364 ; 11.364 ; 11.364 ;
; SW[17]     ; H4[0]       ; 9.333  ; 9.333  ; 9.333  ; 9.333  ;
; SW[17]     ; H4[3]       ; 9.036  ; 9.036  ; 9.036  ; 9.036  ;
; SW[17]     ; H4[4]       ; 9.060  ;        ;        ; 9.060  ;
; SW[17]     ; H4[5]       ; 9.060  ;        ;        ; 9.060  ;
; SW[17]     ; H4[6]       ; 9.744  ;        ;        ; 9.744  ;
; SW[17]     ; H5[0]       ; 9.725  ; 9.725  ; 9.725  ; 9.725  ;
; SW[17]     ; H5[3]       ; 10.040 ; 10.040 ; 10.040 ; 10.040 ;
; SW[17]     ; H5[4]       ; 9.341  ; 9.341  ; 9.341  ; 9.341  ;
; SW[17]     ; H5[5]       ; 9.341  ; 9.341  ; 9.341  ; 9.341  ;
; SW[17]     ; H5[6]       ; 9.377  ;        ;        ; 9.377  ;
; SW[17]     ; H6[0]       ; 10.014 ; 10.014 ; 10.014 ; 10.014 ;
; SW[17]     ; H6[3]       ; 10.069 ; 10.069 ; 10.069 ; 10.069 ;
; SW[17]     ; H6[4]       ; 10.047 ; 10.047 ; 10.047 ; 10.047 ;
; SW[17]     ; H6[5]       ; 10.027 ; 10.027 ; 10.027 ; 10.027 ;
; SW[17]     ; H6[6]       ; 10.246 ;        ;        ; 10.246 ;
; SW[17]     ; H7[0]       ;        ; 9.919  ; 9.919  ;        ;
; SW[17]     ; H7[3]       ;        ; 8.869  ; 8.869  ;        ;
; SW[17]     ; H7[4]       ;        ; 10.508 ; 10.508 ;        ;
; SW[17]     ; H7[5]       ;        ; 10.560 ; 10.560 ;        ;
; SW[17]     ; H7[6]       ; 9.917  ; 9.917  ; 9.917  ; 9.917  ;
+------------+-------------+--------+--------+--------+--------+


+----------------------------------------------------------+
; Minimum Progagation Delay                                ;
+------------+-------------+-------+-------+-------+-------+
; Input Port ; Output Port ; RR    ; RF    ; FR    ; FF    ;
+------------+-------------+-------+-------+-------+-------+
; SW[15]     ; H0[0]       ; 6.391 ; 6.391 ; 6.391 ; 6.391 ;
; SW[15]     ; H0[1]       ; 6.267 ;       ;       ; 6.267 ;
; SW[15]     ; H0[2]       ; 6.277 ;       ;       ; 6.277 ;
; SW[15]     ; H0[3]       ; 6.319 ; 6.319 ; 6.319 ; 6.319 ;
; SW[15]     ; H0[4]       ; 6.357 ;       ;       ; 6.357 ;
; SW[15]     ; H0[5]       ; 6.347 ;       ;       ; 6.347 ;
; SW[15]     ; H1[0]       ; 7.365 ; 7.365 ; 7.365 ; 7.365 ;
; SW[15]     ; H1[1]       ;       ; 7.348 ; 7.348 ;       ;
; SW[15]     ; H1[2]       ;       ; 7.343 ; 7.343 ;       ;
; SW[15]     ; H1[4]       ;       ; 6.793 ; 6.793 ;       ;
; SW[15]     ; H1[5]       ;       ; 6.963 ; 6.963 ;       ;
; SW[15]     ; H1[6]       ; 6.794 ; 6.794 ; 6.794 ; 6.794 ;
; SW[15]     ; H2[0]       ; 6.497 ; 6.497 ; 6.497 ; 6.497 ;
; SW[15]     ; H2[1]       ; 7.128 ;       ;       ; 7.128 ;
; SW[15]     ; H2[2]       ; 7.168 ;       ;       ; 7.168 ;
; SW[15]     ; H2[3]       ; 6.515 ; 6.515 ; 6.515 ; 6.515 ;
; SW[15]     ; H2[4]       ; 6.544 ;       ;       ; 6.544 ;
; SW[15]     ; H2[5]       ; 6.544 ;       ;       ; 6.544 ;
; SW[15]     ; H3[0]       ; 7.184 ; 7.184 ; 7.184 ; 7.184 ;
; SW[15]     ; H3[1]       ;       ; 6.566 ; 6.566 ;       ;
; SW[15]     ; H3[2]       ;       ; 6.566 ; 6.566 ;       ;
; SW[15]     ; H3[4]       ;       ; 6.344 ; 6.344 ;       ;
; SW[15]     ; H3[5]       ;       ; 6.516 ; 6.516 ;       ;
; SW[15]     ; H3[6]       ; 6.246 ; 6.246 ; 6.246 ; 6.246 ;
; SW[15]     ; H4[0]       ; 5.300 ; 5.300 ; 5.300 ; 5.300 ;
; SW[15]     ; H4[1]       ; 5.434 ;       ;       ; 5.434 ;
; SW[15]     ; H4[2]       ; 5.434 ;       ;       ; 5.434 ;
; SW[15]     ; H4[3]       ; 5.154 ; 5.154 ; 5.154 ; 5.154 ;
; SW[15]     ; H4[4]       ; 5.183 ;       ;       ; 5.183 ;
; SW[15]     ; H4[5]       ; 5.183 ;       ;       ; 5.183 ;
; SW[15]     ; H5[0]       ; 5.441 ; 5.441 ; 5.441 ; 5.441 ;
; SW[15]     ; H5[1]       ;       ; 5.485 ; 5.485 ;       ;
; SW[15]     ; H5[2]       ;       ; 5.485 ; 5.485 ;       ;
; SW[15]     ; H5[4]       ;       ; 5.302 ; 5.302 ;       ;
; SW[15]     ; H5[5]       ;       ; 5.302 ; 5.302 ;       ;
; SW[15]     ; H5[6]       ; 5.323 ; 5.323 ; 5.323 ; 5.323 ;
; SW[15]     ; H6[0]       ; 5.574 ; 5.574 ; 5.574 ; 5.574 ;
; SW[15]     ; H6[1]       ; 5.594 ;       ;       ; 5.594 ;
; SW[15]     ; H6[2]       ; 5.594 ;       ;       ; 5.594 ;
; SW[15]     ; H6[3]       ; 5.675 ; 5.675 ; 5.675 ; 5.675 ;
; SW[15]     ; H6[4]       ; 5.668 ;       ;       ; 5.668 ;
; SW[15]     ; H6[5]       ; 5.648 ;       ;       ; 5.648 ;
; SW[15]     ; H7[0]       ; 5.609 ; 5.609 ; 5.609 ; 5.609 ;
; SW[15]     ; H7[1]       ;       ; 5.891 ; 5.891 ;       ;
; SW[15]     ; H7[2]       ;       ; 5.861 ; 5.861 ;       ;
; SW[15]     ; H7[4]       ;       ; 5.815 ; 5.815 ;       ;
; SW[15]     ; H7[5]       ;       ; 5.859 ; 5.859 ;       ;
; SW[15]     ; H7[6]       ; 5.607 ; 5.607 ; 5.607 ; 5.607 ;
; SW[16]     ; H0[0]       ; 6.487 ;       ;       ; 6.487 ;
; SW[16]     ; H0[1]       ; 6.276 ;       ;       ; 6.276 ;
; SW[16]     ; H0[2]       ; 6.286 ;       ;       ; 6.286 ;
; SW[16]     ; H0[3]       ; 6.450 ; 6.450 ; 6.450 ; 6.450 ;
; SW[16]     ; H0[4]       ; 6.443 ;       ;       ; 6.443 ;
; SW[16]     ; H0[5]       ; 6.433 ;       ;       ; 6.433 ;
; SW[16]     ; H0[6]       ; 5.860 ;       ;       ; 5.860 ;
; SW[16]     ; H1[0]       ; 7.499 ; 7.499 ; 7.499 ; 7.499 ;
; SW[16]     ; H1[1]       ; 7.368 ;       ;       ; 7.368 ;
; SW[16]     ; H1[2]       ; 7.363 ;       ;       ; 7.363 ;
; SW[16]     ; H1[3]       ; 6.086 ; 6.086 ; 6.086 ; 6.086 ;
; SW[16]     ; H1[4]       ; 6.931 ; 6.931 ; 6.931 ; 6.931 ;
; SW[16]     ; H1[5]       ; 7.101 ; 7.101 ; 7.101 ; 7.101 ;
; SW[16]     ; H1[6]       ; 6.932 ; 6.932 ; 6.932 ; 6.932 ;
; SW[16]     ; H2[0]       ;       ; 6.587 ; 6.587 ;       ;
; SW[16]     ; H2[1]       ;       ; 7.149 ; 7.149 ;       ;
; SW[16]     ; H2[2]       ;       ; 7.189 ; 7.189 ;       ;
; SW[16]     ; H2[3]       ; 6.611 ; 6.611 ; 6.611 ; 6.611 ;
; SW[16]     ; H2[4]       ; 6.642 ; 6.642 ; 6.642 ; 6.642 ;
; SW[16]     ; H2[5]       ; 6.642 ; 6.642 ; 6.642 ; 6.642 ;
; SW[16]     ; H2[6]       ;       ; 6.404 ; 6.404 ;       ;
; SW[16]     ; H3[0]       ; 7.281 ; 7.281 ; 7.281 ; 7.281 ;
; SW[16]     ; H3[1]       ;       ; 6.561 ; 6.561 ;       ;
; SW[16]     ; H3[2]       ;       ; 6.561 ; 6.561 ;       ;
; SW[16]     ; H3[4]       ;       ; 6.441 ; 6.441 ;       ;
; SW[16]     ; H3[5]       ;       ; 6.613 ; 6.613 ;       ;
; SW[16]     ; H3[6]       ; 6.380 ; 6.380 ; 6.380 ; 6.380 ;
; SW[16]     ; H4[0]       ; 5.398 ;       ;       ; 5.398 ;
; SW[16]     ; H4[1]       ; 5.443 ;       ;       ; 5.443 ;
; SW[16]     ; H4[2]       ; 5.443 ;       ;       ; 5.443 ;
; SW[16]     ; H4[3]       ; 5.238 ; 5.238 ; 5.238 ; 5.238 ;
; SW[16]     ; H4[4]       ; 5.281 ;       ;       ; 5.281 ;
; SW[16]     ; H4[5]       ; 5.281 ;       ;       ; 5.281 ;
; SW[16]     ; H4[6]       ; 5.568 ;       ;       ; 5.568 ;
; SW[16]     ; H5[0]       ; 5.579 ; 5.579 ; 5.579 ; 5.579 ;
; SW[16]     ; H5[1]       ; 5.505 ;       ;       ; 5.505 ;
; SW[16]     ; H5[2]       ; 5.505 ;       ;       ; 5.505 ;
; SW[16]     ; H5[3]       ; 5.714 ; 5.714 ; 5.714 ; 5.714 ;
; SW[16]     ; H5[4]       ; 5.405 ; 5.405 ; 5.405 ; 5.405 ;
; SW[16]     ; H5[5]       ; 5.405 ; 5.405 ; 5.405 ; 5.405 ;
; SW[16]     ; H5[6]       ; 5.423 ; 5.423 ; 5.423 ; 5.423 ;
; SW[16]     ; H6[0]       ;       ; 5.713 ; 5.713 ;       ;
; SW[16]     ; H6[1]       ;       ; 5.615 ; 5.615 ;       ;
; SW[16]     ; H6[2]       ;       ; 5.615 ; 5.615 ;       ;
; SW[16]     ; H6[3]       ; 5.776 ; 5.776 ; 5.776 ; 5.776 ;
; SW[16]     ; H6[4]       ; 5.769 ; 5.769 ; 5.769 ; 5.769 ;
; SW[16]     ; H6[5]       ; 5.749 ; 5.749 ; 5.749 ; 5.749 ;
; SW[16]     ; H6[6]       ;       ; 5.860 ; 5.860 ;       ;
; SW[16]     ; H7[0]       ; 5.707 ; 5.707 ; 5.707 ; 5.707 ;
; SW[16]     ; H7[1]       ;       ; 5.886 ; 5.886 ;       ;
; SW[16]     ; H7[2]       ;       ; 5.856 ; 5.856 ;       ;
; SW[16]     ; H7[4]       ;       ; 5.950 ; 5.950 ;       ;
; SW[16]     ; H7[5]       ;       ; 5.994 ; 5.994 ;       ;
; SW[16]     ; H7[6]       ; 5.697 ; 5.697 ; 5.697 ; 5.697 ;
; SW[17]     ; H0[0]       ; 6.336 ; 6.336 ; 6.336 ; 6.336 ;
; SW[17]     ; H0[3]       ; 6.322 ; 6.322 ; 6.322 ; 6.322 ;
; SW[17]     ; H0[4]       ;       ; 6.305 ; 6.305 ;       ;
; SW[17]     ; H0[5]       ;       ; 6.295 ; 6.295 ;       ;
; SW[17]     ; H0[6]       ;       ; 6.072 ; 6.072 ;       ;
; SW[17]     ; H1[0]       ; 7.363 ; 7.363 ; 7.363 ; 7.363 ;
; SW[17]     ; H1[3]       ; 6.294 ; 6.294 ; 6.294 ; 6.294 ;
; SW[17]     ; H1[4]       ; 6.780 ; 6.780 ; 6.780 ; 6.780 ;
; SW[17]     ; H1[5]       ; 6.950 ; 6.950 ; 6.950 ; 6.950 ;
; SW[17]     ; H1[6]       ;       ; 6.803 ; 6.803 ;       ;
; SW[17]     ; H2[0]       ; 6.449 ; 6.449 ; 6.449 ; 6.449 ;
; SW[17]     ; H2[3]       ; 6.464 ; 6.464 ; 6.464 ; 6.464 ;
; SW[17]     ; H2[4]       ; 6.491 ; 6.491 ; 6.491 ; 6.491 ;
; SW[17]     ; H2[5]       ; 6.491 ; 6.491 ; 6.491 ; 6.491 ;
; SW[17]     ; H2[6]       ;       ; 6.278 ; 6.278 ;       ;
; SW[17]     ; H3[0]       ; 7.130 ;       ;       ; 7.130 ;
; SW[17]     ; H3[3]       ; 5.511 ;       ;       ; 5.511 ;
; SW[17]     ; H3[4]       ; 6.290 ;       ;       ; 6.290 ;
; SW[17]     ; H3[5]       ; 6.462 ;       ;       ; 6.462 ;
; SW[17]     ; H3[6]       ; 6.245 ; 6.245 ; 6.245 ; 6.245 ;
; SW[17]     ; H4[0]       ; 5.247 ; 5.247 ; 5.247 ; 5.247 ;
; SW[17]     ; H4[3]       ; 5.105 ; 5.105 ; 5.105 ; 5.105 ;
; SW[17]     ; H4[4]       ; 5.130 ;       ;       ; 5.130 ;
; SW[17]     ; H4[5]       ; 5.130 ;       ;       ; 5.130 ;
; SW[17]     ; H4[6]       ; 5.439 ;       ;       ; 5.439 ;
; SW[17]     ; H5[0]       ; 5.426 ; 5.426 ; 5.426 ; 5.426 ;
; SW[17]     ; H5[3]       ; 5.578 ; 5.578 ; 5.578 ; 5.578 ;
; SW[17]     ; H5[4]       ; 5.249 ; 5.249 ; 5.249 ; 5.249 ;
; SW[17]     ; H5[5]       ; 5.249 ; 5.249 ; 5.249 ; 5.249 ;
; SW[17]     ; H5[6]       ; 5.272 ;       ;       ; 5.272 ;
; SW[17]     ; H6[0]       ; 5.555 ; 5.555 ; 5.555 ; 5.555 ;
; SW[17]     ; H6[3]       ; 5.624 ; 5.624 ; 5.624 ; 5.624 ;
; SW[17]     ; H6[4]       ; 5.617 ; 5.617 ; 5.617 ; 5.617 ;
; SW[17]     ; H6[5]       ; 5.597 ; 5.597 ; 5.597 ; 5.597 ;
; SW[17]     ; H6[6]       ; 5.698 ;       ;       ; 5.698 ;
; SW[17]     ; H7[0]       ;       ; 5.581 ; 5.581 ;       ;
; SW[17]     ; H7[3]       ;       ; 5.066 ; 5.066 ;       ;
; SW[17]     ; H7[4]       ;       ; 5.818 ; 5.818 ;       ;
; SW[17]     ; H7[5]       ;       ; 5.862 ; 5.862 ;       ;
; SW[17]     ; H7[6]       ; 5.559 ; 5.559 ; 5.559 ; 5.559 ;
+------------+-------------+-------+-------+-------+-------+


-------------------
; Clock Transfers ;
-------------------
Nothing to report.


---------------
; Report TCCS ;
---------------
No dedicated SERDES Transmitter circuitry present in device or used in design


---------------
; Report RSKM ;
---------------
No dedicated SERDES Receiver circuitry present in device or used in design


+------------------------------------------------+
; Unconstrained Paths                            ;
+---------------------------------+-------+------+
; Property                        ; Setup ; Hold ;
+---------------------------------+-------+------+
; Illegal Clocks                  ; 0     ; 0    ;
; Unconstrained Clocks            ; 0     ; 0    ;
; Unconstrained Input Ports       ; 3     ; 3    ;
; Unconstrained Input Port Paths  ; 142   ; 142  ;
; Unconstrained Output Ports      ; 56    ; 56   ;
; Unconstrained Output Port Paths ; 142   ; 142  ;
+---------------------------------+-------+------+


+------------------------------------+
; TimeQuest Timing Analyzer Messages ;
+------------------------------------+
Info: *******************************************************************
Info: Running Quartus II 64-Bit TimeQuest Timing Analyzer
    Info: Version 13.0.1 Build 232 06/12/2013 Service Pack 1 SJ Web Edition
    Info: Processing started: Tue Mar 10 15:54:41 2026
Info: Command: quartus_sta Lab1 -c Lab1
Info: qsta_default_script.tcl version: #1
Warning (20028): Parallel compilation is not licensed and has been disabled
Info (21077): Low junction temperature is 0 degrees C
Info (21077): High junction temperature is 85 degrees C
Critical Warning (332012): Synopsys Design Constraints File file not found: 'Lab1.sdc'. A Synopsys Design Constraints File is required by the TimeQuest Timing Analyzer to get proper timing constraints. Without it, the Compiler will not properly optimize the design.
Info (332142): No user constrained base clocks found in the design. Calling "derive_clocks -period 1.0"
Info (332096): The command derive_clocks did not find any clocks to derive.  No clocks were created or changed.
Warning (332068): No clocks defined in design.
Info: Found TIMEQUEST_REPORT_SCRIPT_INCLUDE_DEFAULT_ANALYSIS = ON
Info (332159): No clocks to report
Info: Analyzing Slow Model
Info (332140): No fmax paths to report
Info (332140): No Setup paths to report
Info (332140): No Hold paths to report
Info (332140): No Recovery paths to report
Info (332140): No Removal paths to report
Info (332140): No Minimum Pulse Width paths to report
Info (332001): The selected device family is not supported by the report_metastability command.
Info: Analyzing Fast Model
Info (332142): No user constrained base clocks found in the design. Calling "derive_clocks -period 1.0"
Info (332096): The command derive_clocks did not find any clocks to derive.  No clocks were created or changed.
Warning (332068): No clocks defined in design.
Info (332140): No Setup paths to report
Info (332140): No Hold paths to report
Info (332140): No Recovery paths to report
Info (332140): No Removal paths to report
Info (332140): No Minimum Pulse Width paths to report
Info (332001): The selected device family is not supported by the report_metastability command.
Info (332102): Design is not fully constrained for setup requirements
Info (332102): Design is not fully constrained for hold requirements
Info: Quartus II 64-Bit TimeQuest Timing Analyzer was successful. 0 errors, 4 warnings
    Info: Peak virtual memory: 4553 megabytes
    Info: Processing ended: Tue Mar 10 15:54:42 2026
    Info: Elapsed time: 00:00:01
    Info: Total CPU time (on all processors): 00:00:01


