Simulator report for Cau6
Tue May 12 10:24:35 2026
Quartus II 64-Bit Version 13.0.1 Build 232 06/12/2013 Service Pack 1 SJ Web Edition


---------------------
; Table of Contents ;
---------------------
  1. Legal Notice
  2. Simulator Summary
  3. Simulator Settings
  4. Simulation Waveforms
  5. Coverage Summary
  6. Complete 1/0-Value Coverage
  7. Missing 1-Value Coverage
  8. Missing 0-Value Coverage
  9. Simulator INI Usage
 10. Simulator Messages



----------------
; Legal Notice ;
----------------
Copyright (C) 1991-2013 Altera Corporation
Your use of Altera Corporation's design tools, logic functions 
and other software and tools, and its AMPP partner logic 
functions, and any output files from any of the foregoing 
(including device programming or simulation files), and any 
associated documentation or information are expressly subject 
to the terms and conditions of the Altera Program License 
Subscription Agreement, Altera MegaCore Function License 
Agreement, or other applicable license agreement, including, 
without limitation, that your use is for the sole purpose of 
programming logic devices manufactured by Altera and sold by 
Altera or its authorized distributors.  Please refer to the 
applicable agreement for further details.



+--------------------------------------------+
; Simulator Summary                          ;
+-----------------------------+--------------+
; Type                        ; Value        ;
+-----------------------------+--------------+
; Simulation Start Time       ; 0 ps         ;
; Simulation End Time         ; 1.0 us       ;
; Simulation Netlist Size     ; 221 nodes    ;
; Simulation Coverage         ;       0.84 % ;
; Total Number of Transitions ; 406          ;
; Simulation Breakpoints      ; 0            ;
; Family                      ; Cyclone II   ;
+-----------------------------+--------------+


+------------------------------------------------------------------------------------------------------------------------------------------------------+
; Simulator Settings                                                                                                                                   ;
+--------------------------------------------------------------------------------------------+-----------------------------------------+---------------+
; Option                                                                                     ; Setting                                 ; Default Value ;
+--------------------------------------------------------------------------------------------+-----------------------------------------+---------------+
; Simulation mode                                                                            ; Functional                              ; Timing        ;
; Start time                                                                                 ; 0 ns                                    ; 0 ns          ;
; Simulation results format                                                                  ; VWF                                     ;               ;
; Vector input source                                                                        ; D:/Study_project/HDL/Lab4_Cau6/SRAM.vwf ;               ;
; Add pins automatically to simulation output waveforms                                      ; On                                      ; On            ;
; Check outputs                                                                              ; Off                                     ; Off           ;
; Report simulation coverage                                                                 ; On                                      ; On            ;
; Display complete 1/0 value coverage report                                                 ; On                                      ; On            ;
; Display missing 1-value coverage report                                                    ; On                                      ; On            ;
; Display missing 0-value coverage report                                                    ; On                                      ; On            ;
; Detect setup and hold time violations                                                      ; Off                                     ; Off           ;
; Detect glitches                                                                            ; Off                                     ; Off           ;
; Disable timing delays in Timing Simulation                                                 ; Off                                     ; Off           ;
; Generate Signal Activity File                                                              ; Off                                     ; Off           ;
; Generate VCD File for PowerPlay Power Analyzer                                             ; Off                                     ; Off           ;
; Group bus channels in simulation results                                                   ; Off                                     ; Off           ;
; Preserve fewer signal transitions to reduce memory requirements                            ; On                                      ; On            ;
; Trigger vector comparison with the specified mode                                          ; INPUT_EDGE                              ; INPUT_EDGE    ;
; Disable setup and hold time violations detection in input registers of bi-directional pins ; Off                                     ; Off           ;
; Overwrite Waveform Inputs With Simulation Outputs                                          ; Off                                     ;               ;
; Perform Glitch Filtering in Timing Simulation                                              ; Auto                                    ; Auto          ;
+--------------------------------------------------------------------------------------------+-----------------------------------------+---------------+


+----------------------+
; Simulation Waveforms ;
+----------------------+
Waveform report data cannot be output to ASCII.
Please use Quartus II 64-Bit to view the waveform report data.


+--------------------------------------------------------------------+
; Coverage Summary                                                   ;
+-----------------------------------------------------+--------------+
; Type                                                ; Value        ;
+-----------------------------------------------------+--------------+
; Total coverage as a percentage                      ;       0.84 % ;
; Total nodes checked                                 ; 221          ;
; Total output ports checked                          ; 237          ;
; Total output ports with complete 1/0-value coverage ; 2            ;
; Total output ports with no 1/0-value coverage       ; 45           ;
; Total output ports with no 1-value coverage         ; 205          ;
; Total output ports with no 0-value coverage         ; 75           ;
+-----------------------------------------------------+--------------+


The following table displays output ports that toggle between 1 and 0 during simulation.
+--------------------------------------------------------------------------+
; Complete 1/0-Value Coverage                                              ;
+---------------------------+---------------------------+------------------+
; Node Name                 ; Output Port Name          ; Output Port Type ;
+---------------------------+---------------------------+------------------+
; |sram_interface|KEY[1]    ; |sram_interface|KEY[1]    ; out              ;
; |sram_interface|SRAM_WE_N ; |sram_interface|SRAM_WE_N ; pin_out          ;
+---------------------------+---------------------------+------------------+


The following table displays output ports that do not toggle to 1 during simulation.
+------------------------------------------------------------------------------------------------------------+
; Missing 1-Value Coverage                                                                                   ;
+--------------------------------------------+--------------------------------------------+------------------+
; Node Name                                  ; Output Port Name                           ; Output Port Type ;
+--------------------------------------------+--------------------------------------------+------------------+
; |sram_interface|read_data[15]              ; |sram_interface|read_data[15]              ; out0             ;
; |sram_interface|read_data[14]              ; |sram_interface|read_data[14]              ; out0             ;
; |sram_interface|read_data[13]              ; |sram_interface|read_data[13]              ; out0             ;
; |sram_interface|read_data[12]              ; |sram_interface|read_data[12]              ; out0             ;
; |sram_interface|read_data[11]              ; |sram_interface|read_data[11]              ; out0             ;
; |sram_interface|read_data[10]              ; |sram_interface|read_data[10]              ; out0             ;
; |sram_interface|read_data[9]               ; |sram_interface|read_data[9]               ; out0             ;
; |sram_interface|read_data[8]               ; |sram_interface|read_data[8]               ; out0             ;
; |sram_interface|read_data[7]               ; |sram_interface|read_data[7]               ; out0             ;
; |sram_interface|read_data[5]               ; |sram_interface|read_data[5]               ; out0             ;
; |sram_interface|read_data[2]               ; |sram_interface|read_data[2]               ; out0             ;
; |sram_interface|read_data[0]               ; |sram_interface|read_data[0]               ; out0             ;
; |sram_interface|SRAM_DQ[0]~0               ; |sram_interface|SRAM_DQ[0]~0               ; out              ;
; |sram_interface|SRAM_DQ[2]~2               ; |sram_interface|SRAM_DQ[2]~2               ; out              ;
; |sram_interface|SRAM_DQ[5]~5               ; |sram_interface|SRAM_DQ[5]~5               ; out              ;
; |sram_interface|SRAM_DQ[7]~7               ; |sram_interface|SRAM_DQ[7]~7               ; out              ;
; |sram_interface|SRAM_DQ[8]~8               ; |sram_interface|SRAM_DQ[8]~8               ; out              ;
; |sram_interface|SRAM_DQ[9]~9               ; |sram_interface|SRAM_DQ[9]~9               ; out              ;
; |sram_interface|SRAM_DQ[10]~10             ; |sram_interface|SRAM_DQ[10]~10             ; out              ;
; |sram_interface|SRAM_DQ[11]~11             ; |sram_interface|SRAM_DQ[11]~11             ; out              ;
; |sram_interface|SRAM_DQ[12]~12             ; |sram_interface|SRAM_DQ[12]~12             ; out              ;
; |sram_interface|SRAM_DQ[13]~13             ; |sram_interface|SRAM_DQ[13]~13             ; out              ;
; |sram_interface|SRAM_DQ[14]~14             ; |sram_interface|SRAM_DQ[14]~14             ; out              ;
; |sram_interface|SRAM_DQ[15]~15             ; |sram_interface|SRAM_DQ[15]~15             ; out              ;
; |sram_interface|SW[0]                      ; |sram_interface|SW[0]                      ; out              ;
; |sram_interface|SW[1]                      ; |sram_interface|SW[1]                      ; out              ;
; |sram_interface|SW[2]                      ; |sram_interface|SW[2]                      ; out              ;
; |sram_interface|SW[3]                      ; |sram_interface|SW[3]                      ; out              ;
; |sram_interface|SW[4]                      ; |sram_interface|SW[4]                      ; out              ;
; |sram_interface|SW[5]                      ; |sram_interface|SW[5]                      ; out              ;
; |sram_interface|SW[6]                      ; |sram_interface|SW[6]                      ; out              ;
; |sram_interface|SW[7]                      ; |sram_interface|SW[7]                      ; out              ;
; |sram_interface|SW[8]                      ; |sram_interface|SW[8]                      ; out              ;
; |sram_interface|SW[9]                      ; |sram_interface|SW[9]                      ; out              ;
; |sram_interface|SW[10]                     ; |sram_interface|SW[10]                     ; out              ;
; |sram_interface|SW[11]                     ; |sram_interface|SW[11]                     ; out              ;
; |sram_interface|SW[12]                     ; |sram_interface|SW[12]                     ; out              ;
; |sram_interface|SW[13]                     ; |sram_interface|SW[13]                     ; out              ;
; |sram_interface|SW[14]                     ; |sram_interface|SW[14]                     ; out              ;
; |sram_interface|SW[15]                     ; |sram_interface|SW[15]                     ; out              ;
; |sram_interface|KEY[0]                     ; |sram_interface|KEY[0]                     ; out              ;
; |sram_interface|HEX0[0]                    ; |sram_interface|HEX0[0]                    ; pin_out          ;
; |sram_interface|HEX0[1]                    ; |sram_interface|HEX0[1]                    ; pin_out          ;
; |sram_interface|HEX0[2]                    ; |sram_interface|HEX0[2]                    ; pin_out          ;
; |sram_interface|HEX0[4]                    ; |sram_interface|HEX0[4]                    ; pin_out          ;
; |sram_interface|HEX0[5]                    ; |sram_interface|HEX0[5]                    ; pin_out          ;
; |sram_interface|HEX0[6]                    ; |sram_interface|HEX0[6]                    ; pin_out          ;
; |sram_interface|HEX1[0]                    ; |sram_interface|HEX1[0]                    ; pin_out          ;
; |sram_interface|HEX1[2]                    ; |sram_interface|HEX1[2]                    ; pin_out          ;
; |sram_interface|HEX1[3]                    ; |sram_interface|HEX1[3]                    ; pin_out          ;
; |sram_interface|HEX1[5]                    ; |sram_interface|HEX1[5]                    ; pin_out          ;
; |sram_interface|HEX1[6]                    ; |sram_interface|HEX1[6]                    ; pin_out          ;
; |sram_interface|HEX2[0]                    ; |sram_interface|HEX2[0]                    ; pin_out          ;
; |sram_interface|HEX2[1]                    ; |sram_interface|HEX2[1]                    ; pin_out          ;
; |sram_interface|HEX2[2]                    ; |sram_interface|HEX2[2]                    ; pin_out          ;
; |sram_interface|HEX2[3]                    ; |sram_interface|HEX2[3]                    ; pin_out          ;
; |sram_interface|HEX2[4]                    ; |sram_interface|HEX2[4]                    ; pin_out          ;
; |sram_interface|HEX2[5]                    ; |sram_interface|HEX2[5]                    ; pin_out          ;
; |sram_interface|HEX3[0]                    ; |sram_interface|HEX3[0]                    ; pin_out          ;
; |sram_interface|HEX3[1]                    ; |sram_interface|HEX3[1]                    ; pin_out          ;
; |sram_interface|HEX3[2]                    ; |sram_interface|HEX3[2]                    ; pin_out          ;
; |sram_interface|HEX3[3]                    ; |sram_interface|HEX3[3]                    ; pin_out          ;
; |sram_interface|HEX3[4]                    ; |sram_interface|HEX3[4]                    ; pin_out          ;
; |sram_interface|HEX3[5]                    ; |sram_interface|HEX3[5]                    ; pin_out          ;
; |sram_interface|SRAM_DQ[0]                 ; |sram_interface|SRAM_DQ[0]                 ; out              ;
; |sram_interface|SRAM_DQ[0]                 ; |sram_interface|SRAM_DQ[0]~result          ; pin_out          ;
; |sram_interface|SRAM_DQ[1]                 ; |sram_interface|SRAM_DQ[1]                 ; out              ;
; |sram_interface|SRAM_DQ[2]                 ; |sram_interface|SRAM_DQ[2]                 ; out              ;
; |sram_interface|SRAM_DQ[2]                 ; |sram_interface|SRAM_DQ[2]~result          ; pin_out          ;
; |sram_interface|SRAM_DQ[3]                 ; |sram_interface|SRAM_DQ[3]                 ; out              ;
; |sram_interface|SRAM_DQ[4]                 ; |sram_interface|SRAM_DQ[4]                 ; out              ;
; |sram_interface|SRAM_DQ[5]                 ; |sram_interface|SRAM_DQ[5]                 ; out              ;
; |sram_interface|SRAM_DQ[5]                 ; |sram_interface|SRAM_DQ[5]~result          ; pin_out          ;
; |sram_interface|SRAM_DQ[6]                 ; |sram_interface|SRAM_DQ[6]                 ; out              ;
; |sram_interface|SRAM_DQ[7]                 ; |sram_interface|SRAM_DQ[7]                 ; out              ;
; |sram_interface|SRAM_DQ[7]                 ; |sram_interface|SRAM_DQ[7]~result          ; pin_out          ;
; |sram_interface|SRAM_DQ[8]                 ; |sram_interface|SRAM_DQ[8]                 ; out              ;
; |sram_interface|SRAM_DQ[8]                 ; |sram_interface|SRAM_DQ[8]~result          ; pin_out          ;
; |sram_interface|SRAM_DQ[9]                 ; |sram_interface|SRAM_DQ[9]                 ; out              ;
; |sram_interface|SRAM_DQ[9]                 ; |sram_interface|SRAM_DQ[9]~result          ; pin_out          ;
; |sram_interface|SRAM_DQ[10]                ; |sram_interface|SRAM_DQ[10]                ; out              ;
; |sram_interface|SRAM_DQ[10]                ; |sram_interface|SRAM_DQ[10]~result         ; pin_out          ;
; |sram_interface|SRAM_DQ[11]                ; |sram_interface|SRAM_DQ[11]                ; out              ;
; |sram_interface|SRAM_DQ[11]                ; |sram_interface|SRAM_DQ[11]~result         ; pin_out          ;
; |sram_interface|SRAM_DQ[12]                ; |sram_interface|SRAM_DQ[12]                ; out              ;
; |sram_interface|SRAM_DQ[12]                ; |sram_interface|SRAM_DQ[12]~result         ; pin_out          ;
; |sram_interface|SRAM_DQ[13]                ; |sram_interface|SRAM_DQ[13]                ; out              ;
; |sram_interface|SRAM_DQ[13]                ; |sram_interface|SRAM_DQ[13]~result         ; pin_out          ;
; |sram_interface|SRAM_DQ[14]                ; |sram_interface|SRAM_DQ[14]                ; out              ;
; |sram_interface|SRAM_DQ[14]                ; |sram_interface|SRAM_DQ[14]~result         ; pin_out          ;
; |sram_interface|SRAM_DQ[15]                ; |sram_interface|SRAM_DQ[15]                ; out              ;
; |sram_interface|SRAM_DQ[15]                ; |sram_interface|SRAM_DQ[15]~result         ; pin_out          ;
; |sram_interface|SRAM_ADDR[0]               ; |sram_interface|SRAM_ADDR[0]               ; pin_out          ;
; |sram_interface|SRAM_ADDR[1]               ; |sram_interface|SRAM_ADDR[1]               ; pin_out          ;
; |sram_interface|SRAM_ADDR[2]               ; |sram_interface|SRAM_ADDR[2]               ; pin_out          ;
; |sram_interface|SRAM_ADDR[3]               ; |sram_interface|SRAM_ADDR[3]               ; pin_out          ;
; |sram_interface|SRAM_ADDR[4]               ; |sram_interface|SRAM_ADDR[4]               ; pin_out          ;
; |sram_interface|SRAM_ADDR[5]               ; |sram_interface|SRAM_ADDR[5]               ; pin_out          ;
; |sram_interface|SRAM_ADDR[6]               ; |sram_interface|SRAM_ADDR[6]               ; pin_out          ;
; |sram_interface|SRAM_ADDR[7]               ; |sram_interface|SRAM_ADDR[7]               ; pin_out          ;
; |sram_interface|SRAM_ADDR[8]               ; |sram_interface|SRAM_ADDR[8]               ; pin_out          ;
; |sram_interface|SRAM_ADDR[9]               ; |sram_interface|SRAM_ADDR[9]               ; pin_out          ;
; |sram_interface|SRAM_ADDR[10]              ; |sram_interface|SRAM_ADDR[10]              ; pin_out          ;
; |sram_interface|SRAM_ADDR[11]              ; |sram_interface|SRAM_ADDR[11]              ; pin_out          ;
; |sram_interface|SRAM_ADDR[12]              ; |sram_interface|SRAM_ADDR[12]              ; pin_out          ;
; |sram_interface|SRAM_ADDR[13]              ; |sram_interface|SRAM_ADDR[13]              ; pin_out          ;
; |sram_interface|SRAM_ADDR[14]              ; |sram_interface|SRAM_ADDR[14]              ; pin_out          ;
; |sram_interface|SRAM_ADDR[15]              ; |sram_interface|SRAM_ADDR[15]              ; pin_out          ;
; |sram_interface|SRAM_ADDR[16]              ; |sram_interface|SRAM_ADDR[16]              ; pin_out          ;
; |sram_interface|SRAM_ADDR[17]              ; |sram_interface|SRAM_ADDR[17]              ; pin_out          ;
; |sram_interface|SRAM_CE_N                  ; |sram_interface|SRAM_CE_N                  ; pin_out          ;
; |sram_interface|SRAM_OE_N                  ; |sram_interface|SRAM_OE_N                  ; pin_out          ;
; |sram_interface|SRAM_LB_N                  ; |sram_interface|SRAM_LB_N                  ; pin_out          ;
; |sram_interface|SRAM_UB_N                  ; |sram_interface|SRAM_UB_N                  ; pin_out          ;
; |sram_interface|SRAM_DQ[15]~16             ; |sram_interface|SRAM_DQ[15]~16             ; out0             ;
; |sram_interface|SRAM_DQ[14]~17             ; |sram_interface|SRAM_DQ[14]~17             ; out0             ;
; |sram_interface|SRAM_DQ[13]~18             ; |sram_interface|SRAM_DQ[13]~18             ; out0             ;
; |sram_interface|SRAM_DQ[12]~19             ; |sram_interface|SRAM_DQ[12]~19             ; out0             ;
; |sram_interface|SRAM_DQ[11]~20             ; |sram_interface|SRAM_DQ[11]~20             ; out0             ;
; |sram_interface|SRAM_DQ[10]~21             ; |sram_interface|SRAM_DQ[10]~21             ; out0             ;
; |sram_interface|SRAM_DQ[9]~22              ; |sram_interface|SRAM_DQ[9]~22              ; out0             ;
; |sram_interface|SRAM_DQ[8]~23              ; |sram_interface|SRAM_DQ[8]~23              ; out0             ;
; |sram_interface|SRAM_DQ[7]~24              ; |sram_interface|SRAM_DQ[7]~24              ; out0             ;
; |sram_interface|SRAM_DQ[5]~26              ; |sram_interface|SRAM_DQ[5]~26              ; out0             ;
; |sram_interface|SRAM_DQ[2]~29              ; |sram_interface|SRAM_DQ[2]~29              ; out0             ;
; |sram_interface|SRAM_DQ[0]~31              ; |sram_interface|SRAM_DQ[0]~31              ; out0             ;
; |sram_interface|hex_decoder:h3|WideOr1     ; |sram_interface|hex_decoder:h3|WideOr1     ; out0             ;
; |sram_interface|hex_decoder:h3|WideOr2     ; |sram_interface|hex_decoder:h3|WideOr2     ; out0             ;
; |sram_interface|hex_decoder:h3|WideOr3     ; |sram_interface|hex_decoder:h3|WideOr3     ; out0             ;
; |sram_interface|hex_decoder:h3|WideOr4     ; |sram_interface|hex_decoder:h3|WideOr4     ; out0             ;
; |sram_interface|hex_decoder:h3|WideOr5     ; |sram_interface|hex_decoder:h3|WideOr5     ; out0             ;
; |sram_interface|hex_decoder:h3|WideOr6     ; |sram_interface|hex_decoder:h3|WideOr6     ; out0             ;
; |sram_interface|hex_decoder:h2|WideOr1     ; |sram_interface|hex_decoder:h2|WideOr1     ; out0             ;
; |sram_interface|hex_decoder:h2|WideOr2     ; |sram_interface|hex_decoder:h2|WideOr2     ; out0             ;
; |sram_interface|hex_decoder:h2|WideOr3     ; |sram_interface|hex_decoder:h2|WideOr3     ; out0             ;
; |sram_interface|hex_decoder:h2|WideOr4     ; |sram_interface|hex_decoder:h2|WideOr4     ; out0             ;
; |sram_interface|hex_decoder:h2|WideOr5     ; |sram_interface|hex_decoder:h2|WideOr5     ; out0             ;
; |sram_interface|hex_decoder:h2|WideOr6     ; |sram_interface|hex_decoder:h2|WideOr6     ; out0             ;
; |sram_interface|hex_decoder:h1|WideOr0     ; |sram_interface|hex_decoder:h1|WideOr0     ; out0             ;
; |sram_interface|hex_decoder:h1|WideOr1     ; |sram_interface|hex_decoder:h1|WideOr1     ; out0             ;
; |sram_interface|hex_decoder:h1|WideOr3     ; |sram_interface|hex_decoder:h1|WideOr3     ; out0             ;
; |sram_interface|hex_decoder:h1|WideOr4     ; |sram_interface|hex_decoder:h1|WideOr4     ; out0             ;
; |sram_interface|hex_decoder:h1|WideOr6     ; |sram_interface|hex_decoder:h1|WideOr6     ; out0             ;
; |sram_interface|hex_decoder:h0|WideOr0     ; |sram_interface|hex_decoder:h0|WideOr0     ; out0             ;
; |sram_interface|hex_decoder:h0|WideOr1     ; |sram_interface|hex_decoder:h0|WideOr1     ; out0             ;
; |sram_interface|hex_decoder:h0|WideOr2     ; |sram_interface|hex_decoder:h0|WideOr2     ; out0             ;
; |sram_interface|hex_decoder:h0|WideOr4     ; |sram_interface|hex_decoder:h0|WideOr4     ; out0             ;
; |sram_interface|hex_decoder:h0|WideOr5     ; |sram_interface|hex_decoder:h0|WideOr5     ; out0             ;
; |sram_interface|hex_decoder:h0|WideOr6     ; |sram_interface|hex_decoder:h0|WideOr6     ; out0             ;
; |sram_interface|hex_decoder:h3|Decoder0~1  ; |sram_interface|hex_decoder:h3|Decoder0~1  ; out              ;
; |sram_interface|hex_decoder:h3|Decoder0~2  ; |sram_interface|hex_decoder:h3|Decoder0~2  ; out              ;
; |sram_interface|hex_decoder:h3|Decoder0~3  ; |sram_interface|hex_decoder:h3|Decoder0~3  ; out              ;
; |sram_interface|hex_decoder:h3|Decoder0~4  ; |sram_interface|hex_decoder:h3|Decoder0~4  ; out              ;
; |sram_interface|hex_decoder:h3|Decoder0~5  ; |sram_interface|hex_decoder:h3|Decoder0~5  ; out              ;
; |sram_interface|hex_decoder:h3|Decoder0~6  ; |sram_interface|hex_decoder:h3|Decoder0~6  ; out              ;
; |sram_interface|hex_decoder:h3|Decoder0~7  ; |sram_interface|hex_decoder:h3|Decoder0~7  ; out              ;
; |sram_interface|hex_decoder:h3|Decoder0~8  ; |sram_interface|hex_decoder:h3|Decoder0~8  ; out              ;
; |sram_interface|hex_decoder:h3|Decoder0~9  ; |sram_interface|hex_decoder:h3|Decoder0~9  ; out              ;
; |sram_interface|hex_decoder:h3|Decoder0~10 ; |sram_interface|hex_decoder:h3|Decoder0~10 ; out              ;
; |sram_interface|hex_decoder:h3|Decoder0~11 ; |sram_interface|hex_decoder:h3|Decoder0~11 ; out              ;
; |sram_interface|hex_decoder:h3|Decoder0~12 ; |sram_interface|hex_decoder:h3|Decoder0~12 ; out              ;
; |sram_interface|hex_decoder:h3|Decoder0~13 ; |sram_interface|hex_decoder:h3|Decoder0~13 ; out              ;
; |sram_interface|hex_decoder:h3|Decoder0~14 ; |sram_interface|hex_decoder:h3|Decoder0~14 ; out              ;
; |sram_interface|hex_decoder:h2|Decoder0~1  ; |sram_interface|hex_decoder:h2|Decoder0~1  ; out              ;
; |sram_interface|hex_decoder:h2|Decoder0~2  ; |sram_interface|hex_decoder:h2|Decoder0~2  ; out              ;
; |sram_interface|hex_decoder:h2|Decoder0~3  ; |sram_interface|hex_decoder:h2|Decoder0~3  ; out              ;
; |sram_interface|hex_decoder:h2|Decoder0~4  ; |sram_interface|hex_decoder:h2|Decoder0~4  ; out              ;
; |sram_interface|hex_decoder:h2|Decoder0~5  ; |sram_interface|hex_decoder:h2|Decoder0~5  ; out              ;
; |sram_interface|hex_decoder:h2|Decoder0~6  ; |sram_interface|hex_decoder:h2|Decoder0~6  ; out              ;
; |sram_interface|hex_decoder:h2|Decoder0~7  ; |sram_interface|hex_decoder:h2|Decoder0~7  ; out              ;
; |sram_interface|hex_decoder:h2|Decoder0~8  ; |sram_interface|hex_decoder:h2|Decoder0~8  ; out              ;
; |sram_interface|hex_decoder:h2|Decoder0~9  ; |sram_interface|hex_decoder:h2|Decoder0~9  ; out              ;
; |sram_interface|hex_decoder:h2|Decoder0~10 ; |sram_interface|hex_decoder:h2|Decoder0~10 ; out              ;
; |sram_interface|hex_decoder:h2|Decoder0~11 ; |sram_interface|hex_decoder:h2|Decoder0~11 ; out              ;
; |sram_interface|hex_decoder:h2|Decoder0~12 ; |sram_interface|hex_decoder:h2|Decoder0~12 ; out              ;
; |sram_interface|hex_decoder:h2|Decoder0~13 ; |sram_interface|hex_decoder:h2|Decoder0~13 ; out              ;
; |sram_interface|hex_decoder:h2|Decoder0~14 ; |sram_interface|hex_decoder:h2|Decoder0~14 ; out              ;
; |sram_interface|hex_decoder:h1|Decoder0~0  ; |sram_interface|hex_decoder:h1|Decoder0~0  ; out              ;
; |sram_interface|hex_decoder:h1|Decoder0~1  ; |sram_interface|hex_decoder:h1|Decoder0~1  ; out              ;
; |sram_interface|hex_decoder:h1|Decoder0~2  ; |sram_interface|hex_decoder:h1|Decoder0~2  ; out              ;
; |sram_interface|hex_decoder:h1|Decoder0~3  ; |sram_interface|hex_decoder:h1|Decoder0~3  ; out              ;
; |sram_interface|hex_decoder:h1|Decoder0~4  ; |sram_interface|hex_decoder:h1|Decoder0~4  ; out              ;
; |sram_interface|hex_decoder:h1|Decoder0~6  ; |sram_interface|hex_decoder:h1|Decoder0~6  ; out              ;
; |sram_interface|hex_decoder:h1|Decoder0~7  ; |sram_interface|hex_decoder:h1|Decoder0~7  ; out              ;
; |sram_interface|hex_decoder:h1|Decoder0~8  ; |sram_interface|hex_decoder:h1|Decoder0~8  ; out              ;
; |sram_interface|hex_decoder:h1|Decoder0~9  ; |sram_interface|hex_decoder:h1|Decoder0~9  ; out              ;
; |sram_interface|hex_decoder:h1|Decoder0~10 ; |sram_interface|hex_decoder:h1|Decoder0~10 ; out              ;
; |sram_interface|hex_decoder:h1|Decoder0~11 ; |sram_interface|hex_decoder:h1|Decoder0~11 ; out              ;
; |sram_interface|hex_decoder:h1|Decoder0~12 ; |sram_interface|hex_decoder:h1|Decoder0~12 ; out              ;
; |sram_interface|hex_decoder:h1|Decoder0~13 ; |sram_interface|hex_decoder:h1|Decoder0~13 ; out              ;
; |sram_interface|hex_decoder:h1|Decoder0~14 ; |sram_interface|hex_decoder:h1|Decoder0~14 ; out              ;
; |sram_interface|hex_decoder:h0|Decoder0~0  ; |sram_interface|hex_decoder:h0|Decoder0~0  ; out              ;
; |sram_interface|hex_decoder:h0|Decoder0~1  ; |sram_interface|hex_decoder:h0|Decoder0~1  ; out              ;
; |sram_interface|hex_decoder:h0|Decoder0~2  ; |sram_interface|hex_decoder:h0|Decoder0~2  ; out              ;
; |sram_interface|hex_decoder:h0|Decoder0~3  ; |sram_interface|hex_decoder:h0|Decoder0~3  ; out              ;
; |sram_interface|hex_decoder:h0|Decoder0~4  ; |sram_interface|hex_decoder:h0|Decoder0~4  ; out              ;
; |sram_interface|hex_decoder:h0|Decoder0~5  ; |sram_interface|hex_decoder:h0|Decoder0~5  ; out              ;
; |sram_interface|hex_decoder:h0|Decoder0~6  ; |sram_interface|hex_decoder:h0|Decoder0~6  ; out              ;
; |sram_interface|hex_decoder:h0|Decoder0~7  ; |sram_interface|hex_decoder:h0|Decoder0~7  ; out              ;
; |sram_interface|hex_decoder:h0|Decoder0~8  ; |sram_interface|hex_decoder:h0|Decoder0~8  ; out              ;
; |sram_interface|hex_decoder:h0|Decoder0~10 ; |sram_interface|hex_decoder:h0|Decoder0~10 ; out              ;
; |sram_interface|hex_decoder:h0|Decoder0~11 ; |sram_interface|hex_decoder:h0|Decoder0~11 ; out              ;
; |sram_interface|hex_decoder:h0|Decoder0~12 ; |sram_interface|hex_decoder:h0|Decoder0~12 ; out              ;
; |sram_interface|hex_decoder:h0|Decoder0~13 ; |sram_interface|hex_decoder:h0|Decoder0~13 ; out              ;
; |sram_interface|hex_decoder:h0|Decoder0~14 ; |sram_interface|hex_decoder:h0|Decoder0~14 ; out              ;
+--------------------------------------------+--------------------------------------------+------------------+


The following table displays output ports that do not toggle to 0 during simulation.
+----------------------------------------------------------------------------------------------------------+
; Missing 0-Value Coverage                                                                                 ;
+-------------------------------------------+-------------------------------------------+------------------+
; Node Name                                 ; Output Port Name                          ; Output Port Type ;
+-------------------------------------------+-------------------------------------------+------------------+
; |sram_interface|read_data[6]              ; |sram_interface|read_data[6]              ; out0             ;
; |sram_interface|read_data[4]              ; |sram_interface|read_data[4]              ; out0             ;
; |sram_interface|read_data[3]              ; |sram_interface|read_data[3]              ; out0             ;
; |sram_interface|read_data[1]              ; |sram_interface|read_data[1]              ; out0             ;
; |sram_interface|SRAM_DQ[1]~1              ; |sram_interface|SRAM_DQ[1]~1              ; out              ;
; |sram_interface|SRAM_DQ[3]~3              ; |sram_interface|SRAM_DQ[3]~3              ; out              ;
; |sram_interface|SRAM_DQ[4]~4              ; |sram_interface|SRAM_DQ[4]~4              ; out              ;
; |sram_interface|SRAM_DQ[6]~6              ; |sram_interface|SRAM_DQ[6]~6              ; out              ;
; |sram_interface|SW[0]                     ; |sram_interface|SW[0]                     ; out              ;
; |sram_interface|SW[2]                     ; |sram_interface|SW[2]                     ; out              ;
; |sram_interface|SW[5]                     ; |sram_interface|SW[5]                     ; out              ;
; |sram_interface|SW[7]                     ; |sram_interface|SW[7]                     ; out              ;
; |sram_interface|SW[8]                     ; |sram_interface|SW[8]                     ; out              ;
; |sram_interface|SW[10]                    ; |sram_interface|SW[10]                    ; out              ;
; |sram_interface|SW[11]                    ; |sram_interface|SW[11]                    ; out              ;
; |sram_interface|SW[13]                    ; |sram_interface|SW[13]                    ; out              ;
; |sram_interface|SW[14]                    ; |sram_interface|SW[14]                    ; out              ;
; |sram_interface|SW[15]                    ; |sram_interface|SW[15]                    ; out              ;
; |sram_interface|HEX0[3]                   ; |sram_interface|HEX0[3]                   ; pin_out          ;
; |sram_interface|HEX1[1]                   ; |sram_interface|HEX1[1]                   ; pin_out          ;
; |sram_interface|HEX1[4]                   ; |sram_interface|HEX1[4]                   ; pin_out          ;
; |sram_interface|HEX2[6]                   ; |sram_interface|HEX2[6]                   ; pin_out          ;
; |sram_interface|HEX3[6]                   ; |sram_interface|HEX3[6]                   ; pin_out          ;
; |sram_interface|SRAM_DQ[0]                ; |sram_interface|SRAM_DQ[0]                ; out              ;
; |sram_interface|SRAM_DQ[1]                ; |sram_interface|SRAM_DQ[1]                ; out              ;
; |sram_interface|SRAM_DQ[1]                ; |sram_interface|SRAM_DQ[1]~result         ; pin_out          ;
; |sram_interface|SRAM_DQ[2]                ; |sram_interface|SRAM_DQ[2]                ; out              ;
; |sram_interface|SRAM_DQ[3]                ; |sram_interface|SRAM_DQ[3]                ; out              ;
; |sram_interface|SRAM_DQ[3]                ; |sram_interface|SRAM_DQ[3]~result         ; pin_out          ;
; |sram_interface|SRAM_DQ[4]                ; |sram_interface|SRAM_DQ[4]                ; out              ;
; |sram_interface|SRAM_DQ[4]                ; |sram_interface|SRAM_DQ[4]~result         ; pin_out          ;
; |sram_interface|SRAM_DQ[5]                ; |sram_interface|SRAM_DQ[5]                ; out              ;
; |sram_interface|SRAM_DQ[6]                ; |sram_interface|SRAM_DQ[6]                ; out              ;
; |sram_interface|SRAM_DQ[6]                ; |sram_interface|SRAM_DQ[6]~result         ; pin_out          ;
; |sram_interface|SRAM_DQ[7]                ; |sram_interface|SRAM_DQ[7]                ; out              ;
; |sram_interface|SRAM_DQ[8]                ; |sram_interface|SRAM_DQ[8]                ; out              ;
; |sram_interface|SRAM_DQ[9]                ; |sram_interface|SRAM_DQ[9]                ; out              ;
; |sram_interface|SRAM_DQ[10]               ; |sram_interface|SRAM_DQ[10]               ; out              ;
; |sram_interface|SRAM_DQ[11]               ; |sram_interface|SRAM_DQ[11]               ; out              ;
; |sram_interface|SRAM_DQ[12]               ; |sram_interface|SRAM_DQ[12]               ; out              ;
; |sram_interface|SRAM_DQ[13]               ; |sram_interface|SRAM_DQ[13]               ; out              ;
; |sram_interface|SRAM_DQ[14]               ; |sram_interface|SRAM_DQ[14]               ; out              ;
; |sram_interface|SRAM_DQ[15]               ; |sram_interface|SRAM_DQ[15]               ; out              ;
; |sram_interface|SRAM_ADDR[0]              ; |sram_interface|SRAM_ADDR[0]              ; pin_out          ;
; |sram_interface|SRAM_ADDR[2]              ; |sram_interface|SRAM_ADDR[2]              ; pin_out          ;
; |sram_interface|SRAM_ADDR[3]              ; |sram_interface|SRAM_ADDR[3]              ; pin_out          ;
; |sram_interface|SRAM_ADDR[5]              ; |sram_interface|SRAM_ADDR[5]              ; pin_out          ;
; |sram_interface|SRAM_ADDR[6]              ; |sram_interface|SRAM_ADDR[6]              ; pin_out          ;
; |sram_interface|SRAM_ADDR[7]              ; |sram_interface|SRAM_ADDR[7]              ; pin_out          ;
; |sram_interface|SRAM_ADDR[8]              ; |sram_interface|SRAM_ADDR[8]              ; pin_out          ;
; |sram_interface|SRAM_ADDR[9]              ; |sram_interface|SRAM_ADDR[9]              ; pin_out          ;
; |sram_interface|SRAM_ADDR[10]             ; |sram_interface|SRAM_ADDR[10]             ; pin_out          ;
; |sram_interface|SRAM_ADDR[11]             ; |sram_interface|SRAM_ADDR[11]             ; pin_out          ;
; |sram_interface|SRAM_ADDR[12]             ; |sram_interface|SRAM_ADDR[12]             ; pin_out          ;
; |sram_interface|SRAM_ADDR[13]             ; |sram_interface|SRAM_ADDR[13]             ; pin_out          ;
; |sram_interface|SRAM_ADDR[14]             ; |sram_interface|SRAM_ADDR[14]             ; pin_out          ;
; |sram_interface|SRAM_ADDR[15]             ; |sram_interface|SRAM_ADDR[15]             ; pin_out          ;
; |sram_interface|SRAM_ADDR[16]             ; |sram_interface|SRAM_ADDR[16]             ; pin_out          ;
; |sram_interface|SRAM_ADDR[17]             ; |sram_interface|SRAM_ADDR[17]             ; pin_out          ;
; |sram_interface|SRAM_CE_N                 ; |sram_interface|SRAM_CE_N                 ; pin_out          ;
; |sram_interface|SRAM_LB_N                 ; |sram_interface|SRAM_LB_N                 ; pin_out          ;
; |sram_interface|SRAM_UB_N                 ; |sram_interface|SRAM_UB_N                 ; pin_out          ;
; |sram_interface|SRAM_DQ[6]~25             ; |sram_interface|SRAM_DQ[6]~25             ; out0             ;
; |sram_interface|SRAM_DQ[4]~27             ; |sram_interface|SRAM_DQ[4]~27             ; out0             ;
; |sram_interface|SRAM_DQ[3]~28             ; |sram_interface|SRAM_DQ[3]~28             ; out0             ;
; |sram_interface|SRAM_DQ[1]~30             ; |sram_interface|SRAM_DQ[1]~30             ; out0             ;
; |sram_interface|hex_decoder:h3|WideOr0    ; |sram_interface|hex_decoder:h3|WideOr0    ; out0             ;
; |sram_interface|hex_decoder:h2|WideOr0    ; |sram_interface|hex_decoder:h2|WideOr0    ; out0             ;
; |sram_interface|hex_decoder:h1|WideOr2    ; |sram_interface|hex_decoder:h1|WideOr2    ; out0             ;
; |sram_interface|hex_decoder:h1|WideOr5    ; |sram_interface|hex_decoder:h1|WideOr5    ; out0             ;
; |sram_interface|hex_decoder:h0|WideOr3    ; |sram_interface|hex_decoder:h0|WideOr3    ; out0             ;
; |sram_interface|hex_decoder:h3|Decoder0~0 ; |sram_interface|hex_decoder:h3|Decoder0~0 ; out              ;
; |sram_interface|hex_decoder:h2|Decoder0~0 ; |sram_interface|hex_decoder:h2|Decoder0~0 ; out              ;
; |sram_interface|hex_decoder:h1|Decoder0~5 ; |sram_interface|hex_decoder:h1|Decoder0~5 ; out              ;
; |sram_interface|hex_decoder:h0|Decoder0~9 ; |sram_interface|hex_decoder:h0|Decoder0~9 ; out              ;
+-------------------------------------------+-------------------------------------------+------------------+


+---------------------+
; Simulator INI Usage ;
+--------+------------+
; Option ; Usage      ;
+--------+------------+


+--------------------+
; Simulator Messages ;
+--------------------+
Info: *******************************************************************
Info: Running Quartus II 64-Bit Simulator
    Info: Version 13.0.1 Build 232 06/12/2013 Service Pack 1 SJ Web Edition
    Info: Processing started: Tue May 12 10:24:35 2026
Info: Command: quartus_sim --simulation_results_format=VWF Lab4 -c Cau6
Info (324025): Using vector source file "D:/Study_project/HDL/Lab4_Cau6/SRAM.vwf"
Info (310003): Option to preserve fewer signal transitions to reduce memory requirements is enabled
    Info (310004): Simulation has been partitioned into sub-simulations according to the maximum transition count determined by the engine. Transitions from memory will be flushed out to disk at the end of each sub-simulation to reduce memory requirements.
Info (310002): Simulation partitioned into 1 sub-simulations
Info (328053): Simulation coverage is       0.84 %
Info (328052): Number of transitions in simulation is 406
Info (324045): Vector file Cau6.sim.vwf is saved in VWF text format. You can compress it into CVWF format in order to reduce file size. For more details please refer to the Quartus II Help.
Info: Quartus II 64-Bit Simulator was successful. 0 errors, 0 warnings
    Info: Peak virtual memory: 4454 megabytes
    Info: Processing ended: Tue May 12 10:24:35 2026
    Info: Elapsed time: 00:00:00
    Info: Total CPU time (on all processors): 00:00:01


