Flow report for Lab4
Tue May 19 14:04:01 2026
Quartus II 64-Bit Version 13.0.1 Build 232 06/12/2013 Service Pack 1 SJ Web Edition


---------------------
; Table of Contents ;
---------------------
  1. Legal Notice
  2. Flow Summary
  3. Flow Settings
  4. Flow Non-Default Global Settings
  5. Flow Elapsed Time
  6. Flow OS Summary
  7. Flow Log
  8. Flow Messages
  9. Flow Suppressed Messages



----------------
; Legal Notice ;
----------------
Copyright (C) 1991-2013 Altera Corporation
Your use of Altera Corporation's design tools, logic functions 
and other software and tools, and its AMPP partner logic 
functions, and any output files from any of the foregoing 
(including device programming or simulation files), and any 
associated documentation or information are expressly subject 
to the terms and conditions of the Altera Program License 
Subscription Agreement, Altera MegaCore Function License 
Agreement, or other applicable license agreement, including, 
without limitation, that your use is for the sole purpose of 
programming logic devices manufactured by Altera and sold by 
Altera or its authorized distributors.  Please refer to the 
applicable agreement for further details.



+--------------------------------------------------------------------------------------+
; Flow Summary                                                                         ;
+------------------------------------+-------------------------------------------------+
; Flow Status                        ; Successful - Tue May 19 14:04:01 2026           ;
; Quartus II 64-Bit Version          ; 13.0.1 Build 232 06/12/2013 SP 1 SJ Web Edition ;
; Revision Name                      ; Lab4                                            ;
; Top-level Entity Name              ; ALU_32bit                                       ;
; Family                             ; Cyclone II                                      ;
; Device                             ; EP2C35F672C6                                    ;
; Timing Models                      ; Final                                           ;
; Total logic elements               ; 261 / 33,216 ( < 1 % )                          ;
;     Total combinational functions  ; 261 / 33,216 ( < 1 % )                          ;
;     Dedicated logic registers      ; 0 / 33,216 ( 0 % )                              ;
; Total registers                    ; 0                                               ;
; Total pins                         ; 100 / 475 ( 21 % )                              ;
; Total virtual pins                 ; 0                                               ;
; Total memory bits                  ; 0 / 483,840 ( 0 % )                             ;
; Embedded Multiplier 9-bit elements ; 0 / 70 ( 0 % )                                  ;
; Total PLLs                         ; 0 / 4 ( 0 % )                                   ;
+------------------------------------+-------------------------------------------------+


+-----------------------------------------+
; Flow Settings                           ;
+-------------------+---------------------+
; Option            ; Setting             ;
+-------------------+---------------------+
; Start date & time ; 05/19/2026 14:03:48 ;
; Main task         ; Compilation         ;
; Revision Name     ; Lab4                ;
+-------------------+---------------------+


+-------------------------------------------------------------------------------------------------------------------------------------------+
; Flow Non-Default Global Settings                                                                                                          ;
+--------------------------------------+---------------------------------------+---------------+-------------+------------------------------+
; Assignment Name                      ; Value                                 ; Default Value ; Entity Name ; Section Id                   ;
+--------------------------------------+---------------------------------------+---------------+-------------+------------------------------+
; COMPILER_SIGNATURE_ID                ; 110417174010614.177917422819764       ; --            ; --          ; --                           ;
; EDA_DESIGN_INSTANCE_NAME             ; NA                                    ; --            ; --          ; tb_ALU_32bit                 ;
; EDA_DESIGN_INSTANCE_NAME             ; NA                                    ; --            ; --          ; tb_Counter_lab5              ;
; EDA_DESIGN_INSTANCE_NAME             ; NA                                    ; --            ; --          ; tb_counter_lab5_SelfCheck    ;
; EDA_DESIGN_INSTANCE_NAME             ; NA                                    ; --            ; --          ; tb_Dual_Port_Ram             ;
; EDA_DESIGN_INSTANCE_NAME             ; NA                                    ; --            ; --          ; tb_RegisterFile              ;
; EDA_DESIGN_INSTANCE_NAME             ; NA                                    ; --            ; --          ; tb_Single_Port_Ram           ;
; EDA_DESIGN_INSTANCE_NAME             ; NA                                    ; --            ; --          ; tb_Single_Port_Ram_SelfCheck ;
; EDA_NATIVELINK_SIMULATION_TEST_BENCH ; tb_RegisterFile                       ; --            ; --          ; eda_simulation               ;
; EDA_OUTPUT_DATA_FORMAT               ; Verilog Hdl                           ; --            ; --          ; eda_simulation               ;
; EDA_SIMULATION_TOOL                  ; ModelSim-Altera (Verilog)             ; <None>        ; --          ; --                           ;
; EDA_TEST_BENCH_ENABLE_STATUS         ; TEST_BENCH_MODE                       ; --            ; --          ; eda_simulation               ;
; EDA_TEST_BENCH_FILE                  ; tb_ALU_32bit.v                        ; --            ; --          ; tb_ALU_32bit                 ;
; EDA_TEST_BENCH_FILE                  ; tb_Counter_lab5.v                     ; --            ; --          ; tb_Counter_lab5              ;
; EDA_TEST_BENCH_FILE                  ; tb_counter_lab5_SelfCheck.v           ; --            ; --          ; tb_counter_lab5_SelfCheck    ;
; EDA_TEST_BENCH_FILE                  ; tb_Dual_Port_Ram.v                    ; --            ; --          ; tb_Dual_Port_Ram             ;
; EDA_TEST_BENCH_FILE                  ; tb_RegisterFile.v                     ; --            ; --          ; tb_RegisterFile              ;
; EDA_TEST_BENCH_FILE                  ; tb_Single_Port_Ram.v                  ; --            ; --          ; tb_Single_Port_Ram           ;
; EDA_TEST_BENCH_FILE                  ; tb_Single_Port_Ram_SelfCheck.v        ; --            ; --          ; tb_Single_Port_Ram_SelfCheck ;
; EDA_TEST_BENCH_MODULE_NAME           ; tb_ALU_32bit                          ; --            ; --          ; tb_ALU_32bit                 ;
; EDA_TEST_BENCH_MODULE_NAME           ; tb_Counter_lab5                       ; --            ; --          ; tb_Counter_lab5              ;
; EDA_TEST_BENCH_MODULE_NAME           ; tb_counter_lab5_SelfCheck             ; --            ; --          ; tb_counter_lab5_SelfCheck    ;
; EDA_TEST_BENCH_MODULE_NAME           ; tb_Dual_Port_Ram                      ; --            ; --          ; tb_Dual_Port_Ram             ;
; EDA_TEST_BENCH_MODULE_NAME           ; tb_RegisterFile                       ; --            ; --          ; tb_RegisterFile              ;
; EDA_TEST_BENCH_MODULE_NAME           ; tb_Single_Port_Ram                    ; --            ; --          ; tb_Single_Port_Ram           ;
; EDA_TEST_BENCH_MODULE_NAME           ; tb_Single_Port_Ram_SelfCheck          ; --            ; --          ; tb_Single_Port_Ram_SelfCheck ;
; EDA_TEST_BENCH_NAME                  ; tb_ALU_32bit                          ; --            ; --          ; eda_simulation               ;
; EDA_TEST_BENCH_NAME                  ; tb_Counter_lab5                       ; --            ; --          ; eda_simulation               ;
; EDA_TEST_BENCH_NAME                  ; tb_counter_lab5_SelfCheck             ; --            ; --          ; eda_simulation               ;
; EDA_TEST_BENCH_NAME                  ; tb_Dual_Port_Ram                      ; --            ; --          ; eda_simulation               ;
; EDA_TEST_BENCH_NAME                  ; tb_RegisterFile                       ; --            ; --          ; eda_simulation               ;
; EDA_TEST_BENCH_NAME                  ; tb_Single_Port_Ram                    ; --            ; --          ; eda_simulation               ;
; EDA_TEST_BENCH_NAME                  ; tb_Single_Port_Ram_SelfCheck          ; --            ; --          ; eda_simulation               ;
; EDA_TIME_SCALE                       ; 1 ps                                  ; --            ; --          ; eda_simulation               ;
; MAX_CORE_JUNCTION_TEMP               ; 85                                    ; --            ; --          ; --                           ;
; MIN_CORE_JUNCTION_TEMP               ; 0                                     ; --            ; --          ; --                           ;
; PARTITION_COLOR                      ; 16764057                              ; --            ; ALU_32bit   ; Top                          ;
; PARTITION_FITTER_PRESERVATION_LEVEL  ; PLACEMENT_AND_ROUTING                 ; --            ; ALU_32bit   ; Top                          ;
; PARTITION_NETLIST_TYPE               ; SOURCE                                ; --            ; ALU_32bit   ; Top                          ;
; POWER_BOARD_THERMAL_MODEL            ; None (CONSERVATIVE)                   ; --            ; --          ; --                           ;
; POWER_PRESET_COOLING_SOLUTION        ; 23 MM HEAT SINK WITH 200 LFPM AIRFLOW ; --            ; --          ; --                           ;
; PROJECT_OUTPUT_DIRECTORY             ; output_files                          ; --            ; --          ; --                           ;
; TOP_LEVEL_ENTITY                     ; ALU_32bit                             ; Lab4          ; --          ; --                           ;
+--------------------------------------+---------------------------------------+---------------+-------------+------------------------------+


+-------------------------------------------------------------------------------------------------------------------------------+
; Flow Elapsed Time                                                                                                             ;
+---------------------------+--------------+-------------------------+---------------------+------------------------------------+
; Module Name               ; Elapsed Time ; Average Processors Used ; Peak Virtual Memory ; Total CPU Time (on all processors) ;
+---------------------------+--------------+-------------------------+---------------------+------------------------------------+
; Analysis & Synthesis      ; 00:00:02     ; 1.0                     ; 4607 MB             ; 00:00:01                           ;
; Fitter                    ; 00:00:05     ; 1.0                     ; 4891 MB             ; 00:00:05                           ;
; Assembler                 ; 00:00:02     ; 1.0                     ; 4576 MB             ; 00:00:02                           ;
; TimeQuest Timing Analyzer ; 00:00:01     ; 1.0                     ; 4561 MB             ; 00:00:01                           ;
; EDA Netlist Writer        ; 00:00:00     ; 1.0                     ; 4520 MB             ; 00:00:00                           ;
; Total                     ; 00:00:10     ; --                      ; --                  ; 00:00:09                           ;
+---------------------------+--------------+-------------------------+---------------------+------------------------------------+


+----------------------------------------------------------------------------------------+
; Flow OS Summary                                                                        ;
+---------------------------+------------------+-----------+------------+----------------+
; Module Name               ; Machine Hostname ; OS Name   ; OS Version ; Processor type ;
+---------------------------+------------------+-----------+------------+----------------+
; Analysis & Synthesis      ; Furina           ; Windows 7 ; 6.2        ; x86_64         ;
; Fitter                    ; Furina           ; Windows 7 ; 6.2        ; x86_64         ;
; Assembler                 ; Furina           ; Windows 7 ; 6.2        ; x86_64         ;
; TimeQuest Timing Analyzer ; Furina           ; Windows 7 ; 6.2        ; x86_64         ;
; EDA Netlist Writer        ; Furina           ; Windows 7 ; 6.2        ; x86_64         ;
+---------------------------+------------------+-----------+------------+----------------+


------------
; Flow Log ;
------------
quartus_map --read_settings_files=on --write_settings_files=off Lab4 -c Lab4
quartus_fit --read_settings_files=off --write_settings_files=off Lab4 -c Lab4
quartus_asm --read_settings_files=off --write_settings_files=off Lab4 -c Lab4
quartus_sta Lab4 -c Lab4
quartus_eda --read_settings_files=off --write_settings_files=off Lab4 -c Lab4



